<html>
<body>
<pre>
<h1>µVision Build Log</h1>
<h2>Tool Versions:</h2>
IDE-Version: ¦ÌVision V5.38.0.0
Copyright (C) 2022 ARM Ltd and ARM Germany GmbH. All rights reserved.
License Information: 1 exsg@live.cn, 11, LIC=YA39H-W1ZIZ-BS6YX-HS1HA-PX1RL-LNUCV
 
Tool Versions:
Toolchain:       MDK-ARM Plus  Version: 5.38.0.0
Toolchain Path:  D:\Program Files\Keil5\ARM\AC5\Bin
C Compiler:      Armcc.exe V5.06 update 7 (build 960)
Assembler:       Armasm.exe V5.06 update 7 (build 960)
Linker/Locator:  ArmLink.exe V5.06 update 7 (build 960)
Library Manager: ArmAr.exe V5.06 update 7 (build 960)
Hex Converter:   FromElf.exe V5.06 update 7 (build 960)
CPU DLL:         SARMCM3.DLL V5.38.0.0
Dialog DLL:      DCM.DLL V1.17.5.0
Target DLL:      STLink\ST-LINKIII-KEIL_SWO.dll V3.1.0.0
Dialog DLL:      TCM.DLL V1.56.4.0
 
<h2>Project:</h2>
D:\Docu\CubeProject\Paper\MDK-ARM\Paper.uvprojx
Project File Date:  04/18/2024

<h2>Output:</h2>
*** Using Compiler 'V5.06 update 7 (build 960)', folder: 'D:\Program Files\Keil5\ARM\AC5\Bin'
Rebuild target 'Paper'
Note: source file '../Core/Src/system_stm32f1xx.c' - object file renamed from 'Paper\system_stm32f1xx.o' to 'Paper\system_stm32f1xx_1.o'.
assembling startup_stm32f103x6.s...
compiling usart.c...
compiling usb_device.c...
compiling userGeneral.c...
..\Core\Src\userGeneral.h(35): warning:  #1-D: last line of file ends without a newline
  #endif
..\Core\Src\userGeneral.c(68): warning:  #1-D: last line of file ends without a newline
  }
..\Core\Src\userGeneral.c: 2 warnings, 0 errors
compiling gpio.c...
compiling stm32f1xx_it.c...
compiling stm32f1xx_hal_msp.c...
compiling usbd_desc.c...
compiling main.c...
../Core/Src/userGeneral.h(35): warning:  #1-D: last line of file ends without a newline
  #endif
../Core/Src/user.h(49): warning:  #1-D: last line of file ends without a newline
  #endif
../Core/Src/main.c: 2 warnings, 0 errors
compiling tim.c...
compiling usbd_cdc_if.c...
compiling user.c...
..\Core\Src\userGeneral.h(35): warning:  #1-D: last line of file ends without a newline
  #endif
..\Core\Src\user.h(49): warning:  #1-D: last line of file ends without a newline
  #endif
..\Core\Src\user.c(135): warning:  #1-D: last line of file ends without a newline
  }
..\Core\Src\user.c: 3 warnings, 0 errors
compiling stm32f1xx_hal.c...
compiling stm32f1xx_hal_gpio_ex.c...
compiling stm32f1xx_hal_pcd_ex.c...
compiling usbd_conf.c...
compiling stm32f1xx_hal_gpio.c...
compiling stm32f1xx_hal_rcc_ex.c...
compiling stm32f1xx_hal_cortex.c...
compiling stm32f1xx_hal_pcd.c...
compiling stm32f1xx_hal_rcc.c...
compiling stm32f1xx_hal_dma.c...
compiling stm32f1xx_ll_usb.c...
compiling stm32f1xx_hal_pwr.c...
compiling stm32f1xx_hal_exti.c...
compiling stm32f1xx_hal_flash_ex.c...
compiling stm32f1xx_hal_flash.c...
compiling system_stm32f1xx.c...
compiling usbd_ioreq.c...
compiling usbd_core.c...
compiling usbd_ctlreq.c...
compiling stm32f1xx_hal_uart.c...
compiling stm32f1xx_hal_tim_ex.c...
compiling stm32f1xx_hal_tim.c...
compiling usbd_cdc.c...
linking...
Program Size: Code=21282 RO-data=462 RW-data=400 ZI-data=8080  
FromELF: creating hex file...
"Paper\Paper.axf" - 0 Error(s), 7 Warning(s).

<h2>Software Packages used:</h2>

Package Vendor: ARM
                https://www.keil.com/pack/ARM.CMSIS.6.0.0.pack
                ARM.CMSIS.6.0.0
                CMSIS (Common Microcontroller Software Interface Standard)
   * Component: CORE Version: 6.0.0

Package Vendor: Keil
                https://www.keil.com/pack/Keil.STM32F1xx_DFP.2.4.1.pack
                Keil.STM32F1xx_DFP.2.4.1
                STMicroelectronics STM32F1 Series Device Support, Drivers and Examples

<h2>Collection of Component include folders:</h2>
  ./RTE/_Paper
  D:/KeilPack/ARM/CMSIS/6.0.0/CMSIS/Core/Include
  D:/KeilPack/Keil/STM32F1xx_DFP/2.4.1/Device/Include

<h2>Collection of Component Files used:</h2>

   * Component: ARM::CMSIS:CORE:6.0.0
      Include file:  CMSIS/Core/Include/tz_context.h
Build Time Elapsed:  00:00:05
</pre>
</body>
</html>
