Component: ARM Compiler 6.7 Tool: armlink [5c9ef700]

==============================================================================

Section Cross References

    startup_stm32f103xb.o(RESET) refers to startup_stm32f103xb.o(STACK) for __initial_sp
    startup_stm32f103xb.o(RESET) refers to startup_stm32f103xb.o(.text) for Reset_Handler
    startup_stm32f103xb.o(RESET) refers to stm32f1xx_it.o(.text.NMI_Handler) for NMI_Handler
    startup_stm32f103xb.o(RESET) refers to stm32f1xx_it.o(.text.HardFault_Handler) for HardFault_Handler
    startup_stm32f103xb.o(RESET) refers to stm32f1xx_it.o(.text.MemManage_Handler) for MemManage_Handler
    startup_stm32f103xb.o(RESET) refers to stm32f1xx_it.o(.text.BusFault_Handler) for BusFault_Handler
    startup_stm32f103xb.o(RESET) refers to stm32f1xx_it.o(.text.UsageFault_Handler) for UsageFault_Handler
    startup_stm32f103xb.o(RESET) refers to stm32f1xx_it.o(.text.SVC_Handler) for SVC_Handler
    startup_stm32f103xb.o(RESET) refers to stm32f1xx_it.o(.text.DebugMon_Handler) for DebugMon_Handler
    startup_stm32f103xb.o(RESET) refers to stm32f1xx_it.o(.text.PendSV_Handler) for PendSV_Handler
    startup_stm32f103xb.o(RESET) refers to stm32f1xx_it.o(.text.SysTick_Handler) for SysTick_Handler
    startup_stm32f103xb.o(RESET) refers to stm32f1xx_it.o(.text.TIM2_IRQHandler) for TIM2_IRQHandler
    startup_stm32f103xb.o(RESET) refers to stm32f1xx_it.o(.text.USART1_IRQHandler) for USART1_IRQHandler
    startup_stm32f103xb.o(.text) refers to system_stm32f1xx.o(.text.SystemInit) for SystemInit
    startup_stm32f103xb.o(.text) refers to entry.o(.ARM.Collect$$$$00000000) for __main
    main.o(.text.fputc) refers to stm32f1xx_hal_uart.o(.text.HAL_UART_Transmit) for HAL_UART_Transmit
    main.o(.text.fputc) refers to usart.o(.bss.huart1) for huart1
    main.o(.ARM.exidx.text.fputc) refers to main.o(.text.fputc) for [Anonymous Symbol]
    main.o(.text.main) refers to stm32f1xx_hal.o(.text.HAL_Init) for HAL_Init
    main.o(.text.main) refers to main.o(.text.SystemClock_Config) for SystemClock_Config
    main.o(.text.main) refers to gpio.o(.text.MX_GPIO_Init) for MX_GPIO_Init
    main.o(.text.main) refers to i2c.o(.text.MX_I2C1_Init) for MX_I2C1_Init
    main.o(.text.main) refers to tim.o(.text.MX_TIM2_Init) for MX_TIM2_Init
    main.o(.text.main) refers to usart.o(.text.MX_USART1_UART_Init) for MX_USART1_UART_Init
    main.o(.text.main) refers to mpu6050.o(.text.w_mpu_init) for w_mpu_init
    main.o(.text.main) refers to mpu6050.o(.text.dmp_init) for dmp_init
    main.o(.text.main) refers to stm32f1xx_hal_tim.o(.text.HAL_TIM_Base_Start_IT) for HAL_TIM_Base_Start_IT
    main.o(.text.main) refers to tim.o(.bss.htim2) for htim2
    main.o(.ARM.exidx.text.main) refers to main.o(.text.main) for [Anonymous Symbol]
    main.o(.text.SystemClock_Config) refers to memseta.o(.text) for __aeabi_memclr4
    main.o(.text.SystemClock_Config) refers to stm32f1xx_hal_rcc.o(.text.HAL_RCC_OscConfig) for HAL_RCC_OscConfig
    main.o(.text.SystemClock_Config) refers to stm32f1xx_hal_rcc.o(.text.HAL_RCC_ClockConfig) for HAL_RCC_ClockConfig
    main.o(.ARM.exidx.text.SystemClock_Config) refers to main.o(.text.SystemClock_Config) for [Anonymous Symbol]
    main.o(.ARM.exidx.text.Error_Handler) refers to main.o(.text.Error_Handler) for [Anonymous Symbol]
    main.o(.text.HAL_TIM_PeriodElapsedCallback) refers to mpu6050.o(.text.read_dmp) for read_dmp
    main.o(.text.HAL_TIM_PeriodElapsedCallback) refers to f2d.o(.text) for __aeabi_f2d
    main.o(.text.HAL_TIM_PeriodElapsedCallback) refers to printfa.o(i.__0printf) for __2printf
    main.o(.text.HAL_TIM_PeriodElapsedCallback) refers to mpu6050.o(.data..L_MergedGlobals) for mpu_pose_msg
    main.o(.text.HAL_TIM_PeriodElapsedCallback) refers to tim.o(.bss.htim2) for htim2
    main.o(.text.HAL_TIM_PeriodElapsedCallback) refers to main.o(.bss.HAL_TIM_PeriodElapsedCallback.tim2_count) for [Anonymous Symbol]
    main.o(.ARM.exidx.text.HAL_TIM_PeriodElapsedCallback) refers to main.o(.text.HAL_TIM_PeriodElapsedCallback) for [Anonymous Symbol]
    gpio.o(.text.MX_GPIO_Init) refers to stm32f1xx_hal_gpio.o(.text.HAL_GPIO_WritePin) for HAL_GPIO_WritePin
    gpio.o(.text.MX_GPIO_Init) refers to stm32f1xx_hal_gpio.o(.text.HAL_GPIO_Init) for HAL_GPIO_Init
    gpio.o(.ARM.exidx.text.MX_GPIO_Init) refers to gpio.o(.text.MX_GPIO_Init) for [Anonymous Symbol]
    i2c.o(.text.MX_I2C1_Init) refers to stm32f1xx_hal_i2c.o(.text.HAL_I2C_Init) for HAL_I2C_Init
    i2c.o(.text.MX_I2C1_Init) refers to main.o(.text.Error_Handler) for Error_Handler
    i2c.o(.text.MX_I2C1_Init) refers to i2c.o(.bss.hi2c1) for hi2c1
    i2c.o(.ARM.exidx.text.MX_I2C1_Init) refers to i2c.o(.text.MX_I2C1_Init) for [Anonymous Symbol]
    i2c.o(.text.HAL_I2C_MspInit) refers to stm32f1xx_hal_gpio.o(.text.HAL_GPIO_Init) for HAL_GPIO_Init
    i2c.o(.ARM.exidx.text.HAL_I2C_MspInit) refers to i2c.o(.text.HAL_I2C_MspInit) for [Anonymous Symbol]
[...]
    [Anonymous Symbol]                       0x0800279c   Section        0  stm32f1xx_it.o(.text.PendSV_Handler)
    [Anonymous Symbol]                       0x0800279e   Section        0  stm32f1xx_it.o(.text.SVC_Handler)
    [Anonymous Symbol]                       0x080027a0   Section        0  stm32f1xx_it.o(.text.SysTick_Handler)
    [Anonymous Symbol]                       0x080027a4   Section        0  main.o(.text.SystemClock_Config)
    [Anonymous Symbol]                       0x0800280a   Section        0  system_stm32f1xx.o(.text.SystemInit)
    [Anonymous Symbol]                       0x0800280c   Section        0  stm32f1xx_it.o(.text.TIM2_IRQHandler)
    __arm_cp.9_0                             0x08002814   Number         4  stm32f1xx_it.o(.text.TIM2_IRQHandler)
    [Anonymous Symbol]                       0x08002818   Section        0  stm32f1xx_hal_tim.o(.text.TIM_Base_SetConfig)
    __arm_cp.2_0                             0x08002880   Number         4  stm32f1xx_hal_tim.o(.text.TIM_Base_SetConfig)
    __arm_cp.2_1                             0x08002884   Number         4  stm32f1xx_hal_tim.o(.text.TIM_Base_SetConfig)
    __arm_cp.2_2                             0x08002888   Number         4  stm32f1xx_hal_tim.o(.text.TIM_Base_SetConfig)
    [Anonymous Symbol]                       0x0800288c   Section        0  stm32f1xx_hal_tim.o(.text.TIM_TI1_ConfigInputStage)
    TIM_TI1_ConfigInputStage                 0x0800288d   Thumb Code    34  stm32f1xx_hal_tim.o(.text.TIM_TI1_ConfigInputStage)
    [Anonymous Symbol]                       0x080028ae   Section        0  stm32f1xx_hal_tim.o(.text.TIM_TI2_ConfigInputStage)
    TIM_TI2_ConfigInputStage                 0x080028af   Thumb Code    34  stm32f1xx_hal_tim.o(.text.TIM_TI2_ConfigInputStage)
    [Anonymous Symbol]                       0x080028d0   Section        0  stm32f1xx_hal_uart.o(.text.UART_DMAAbortOnError)
    UART_DMAAbortOnError                     0x080028d1   Thumb Code    12  stm32f1xx_hal_uart.o(.text.UART_DMAAbortOnError)
    [Anonymous Symbol]                       0x080028dc   Section        0  stm32f1xx_hal_uart.o(.text.UART_EndRxTransfer)
    UART_EndRxTransfer                       0x080028dd   Thumb Code    44  stm32f1xx_hal_uart.o(.text.UART_EndRxTransfer)
    [Anonymous Symbol]                       0x08002908   Section        0  stm32f1xx_hal_uart.o(.text.UART_Receive_IT)
    UART_Receive_IT                          0x08002909   Thumb Code   186  stm32f1xx_hal_uart.o(.text.UART_Receive_IT)
    [Anonymous Symbol]                       0x080029c4   Section        0  stm32f1xx_hal_uart.o(.text.UART_SetConfig)
    UART_SetConfig                           0x080029c5   Thumb Code   132  stm32f1xx_hal_uart.o(.text.UART_SetConfig)
    __arm_cp.2_0                             0x08002a44   Number         4  stm32f1xx_hal_uart.o(.text.UART_SetConfig)
    [Anonymous Symbol]                       0x08002a48   Section        0  stm32f1xx_hal_uart.o(.text.UART_WaitOnFlagUntilTimeout)
    UART_WaitOnFlagUntilTimeout              0x08002a49   Thumb Code    88  stm32f1xx_hal_uart.o(.text.UART_WaitOnFlagUntilTimeout)
    [Anonymous Symbol]                       0x08002aa0   Section        0  stm32f1xx_it.o(.text.USART1_IRQHandler)
    __arm_cp.10_0                            0x08002aa8   Number         4  stm32f1xx_it.o(.text.USART1_IRQHandler)
    [Anonymous Symbol]                       0x08002aac   Section        0  stm32f1xx_it.o(.text.UsageFault_Handler)
    [Anonymous Symbol]                       0x08002ab0   Section        0  inv_mpu_dmp_motion_driver.o(.text.dmp_enable_6x_lp_quat)
    __arm_cp.21_0                            0x08002ad4   Number         4  inv_mpu_dmp_motion_driver.o(.text.dmp_enable_6x_lp_quat)
    [Anonymous Symbol]                       0x08002ad8   Section        0  inv_mpu_dmp_motion_driver.o(.text.dmp_enable_feature)
    __arm_cp.18_0                            0x08002cb8   Number         4  inv_mpu_dmp_motion_driver.o(.text.dmp_enable_feature)
    __arm_cp.18_1                            0x08002cbc   Number         4  inv_mpu_dmp_motion_driver.o(.text.dmp_enable_feature)
    __arm_cp.18_2                            0x08002cc0   Number         4  inv_mpu_dmp_motion_driver.o(.text.dmp_enable_feature)
    __arm_cp.18_3                            0x08002cc4   Number         4  inv_mpu_dmp_motion_driver.o(.text.dmp_enable_feature)
    __arm_cp.18_4                            0x08002cc8   Number         4  inv_mpu_dmp_motion_driver.o(.text.dmp_enable_feature)
    [Anonymous Symbol]                       0x08002ccc   Section        0  inv_mpu_dmp_motion_driver.o(.text.dmp_enable_gyro_cal)
    [Anonymous Symbol]                       0x08002d10   Section        0  inv_mpu_dmp_motion_driver.o(.text.dmp_enable_lp_quat)
    __arm_cp.20_0                            0x08002d34   Number         4  inv_mpu_dmp_motion_driver.o(.text.dmp_enable_lp_quat)
    [Anonymous Symbol]                       0x08002d38   Section        0  mpu6050.o(.text.dmp_i2c_read)
    [Anonymous Symbol]                       0x08002d58   Section        0  mpu6050.o(.text.dmp_i2c_write)
    __arm_cp.15_0                            0x08002d78   Number         4  mpu6050.o(.text.dmp_i2c_write)
    [Anonymous Symbol]                       0x08002d7c   Section        0  mpu6050.o(.text.dmp_init)
    __arm_cp.17_1                            0x08002fd4   Number         4  mpu6050.o(.text.dmp_init)
    __arm_cp.17_5                            0x08003000   Number         4  mpu6050.o(.text.dmp_init)
    __arm_cp.17_6                            0x08003004   Number         4  mpu6050.o(.text.dmp_init)
    __arm_cp.17_7                            0x08003008   Number         4  mpu6050.o(.text.dmp_init)
    __arm_cp.17_8                            0x0800300c   Number         4  mpu6050.o(.text.dmp_init)
    __arm_cp.17_9                            0x08003010   Number         4  mpu6050.o(.text.dmp_init)
    __arm_cp.17_13                           0x08003064   Number         4  mpu6050.o(.text.dmp_init)
    __arm_cp.17_14                           0x08003068   Number         4  mpu6050.o(.text.dmp_init)
    __arm_cp.17_15                           0x0800306c   Number         4  mpu6050.o(.text.dmp_init)
    __arm_cp.17_16                           0x08003070   Number         4  mpu6050.o(.text.dmp_init)
    __arm_cp.17_17                           0x08003074   Number         4  mpu6050.o(.text.dmp_init)
    __arm_cp.17_18                           0x08003078   Number         4  mpu6050.o(.text.dmp_init)
    [Anonymous Symbol]                       0x0800307c   Section        0  inv_mpu_dmp_motion_driver.o(.text.dmp_load_motion_driver_firmware)
    __arm_cp.0_0                             0x0800308c   Number         4  inv_mpu_dmp_motion_driver.o(.text.dmp_load_motion_driver_firmware)
    [Anonymous Symbol]                       0x08003090   Section        0  inv_mpu_dmp_motion_driver.o(.text.dmp_read_fifo)
    __arm_cp.24_0                            0x08003268   Number         4  inv_mpu_dmp_motion_driver.o(.text.dmp_read_fifo)
    __arm_cp.24_1                            0x0800326c   Number         4  inv_mpu_dmp_motion_driver.o(.text.dmp_read_fifo)
    __arm_cp.24_2                            0x08003270   Number         4  inv_mpu_dmp_motion_driver.o(.text.dmp_read_fifo)
    [Anonymous Symbol]                       0x08003274   Section        0  inv_mpu_dmp_motion_driver.o(.text.dmp_set_accel_bias)
    [Anonymous Symbol]                       0x0800333c   Section        0  inv_mpu_dmp_motion_driver.o(.text.dmp_set_fifo_rate)
    __arm_cp.4_0                             0x08003388   Number         4  inv_mpu_dmp_motion_driver.o(.text.dmp_set_fifo_rate)
    __arm_cp.4_1                             0x0800338c   Number         4  inv_mpu_dmp_motion_driver.o(.text.dmp_set_fifo_rate)
    [Anonymous Symbol]                       0x08003390   Section        0  inv_mpu_dmp_motion_driver.o(.text.dmp_set_gyro_bias)
    __arm_cp.2_1                             0x08003464   Number         4  inv_mpu_dmp_motion_driver.o(.text.dmp_set_gyro_bias)
    [Anonymous Symbol]                       0x08003468   Section        0  inv_mpu_dmp_motion_driver.o(.text.dmp_set_orientation)
    dmp_set_orientation.gyro_axes            0x08003534   Number         0  inv_mpu_dmp_motion_driver.o(.text.dmp_set_orientation)
    dmp_set_orientation.accel_axes           0x08003538   Number         0  inv_mpu_dmp_motion_driver.o(.text.dmp_set_orientation)
    __arm_cp.1_2                             0x0800353c   Number         4  inv_mpu_dmp_motion_driver.o(.text.dmp_set_orientation)
    [Anonymous Symbol]                       0x08003540   Section        0  inv_mpu_dmp_motion_driver.o(.text.dmp_set_shake_reject_thresh)
    [Anonymous Symbol]                       0x08003572   Section        0  inv_mpu_dmp_motion_driver.o(.text.dmp_set_shake_reject_time)
    [Anonymous Symbol]                       0x08003596   Section        0  inv_mpu_dmp_motion_driver.o(.text.dmp_set_shake_reject_timeout)
    [Anonymous Symbol]                       0x080035ba   Section        0  inv_mpu_dmp_motion_driver.o(.text.dmp_set_tap_axes)
    [Anonymous Symbol]                       0x080035f0   Section        0  inv_mpu_dmp_motion_driver.o(.text.dmp_set_tap_count)
    [Anonymous Symbol]                       0x08003618   Section        0  inv_mpu_dmp_motion_driver.o(.text.dmp_set_tap_thresh)
    __arm_cp.6_0                             0x08003724   Number         4  inv_mpu_dmp_motion_driver.o(.text.dmp_set_tap_thresh)
    __arm_cp.6_1                             0x08003728   Number         4  inv_mpu_dmp_motion_driver.o(.text.dmp_set_tap_thresh)
    __arm_cp.6_2                             0x0800372c   Number         4  inv_mpu_dmp_motion_driver.o(.text.dmp_set_tap_thresh)
    __arm_cp.6_3                             0x08003730   Number         4  inv_mpu_dmp_motion_driver.o(.text.dmp_set_tap_thresh)
    __arm_cp.6_4                             0x08003734   Number         4  inv_mpu_dmp_motion_driver.o(.text.dmp_set_tap_thresh)
    [Anonymous Symbol]                       0x08003738   Section        0  inv_mpu_dmp_motion_driver.o(.text.dmp_set_tap_time)
    [Anonymous Symbol]                       0x0800375c   Section        0  inv_mpu_dmp_motion_driver.o(.text.dmp_set_tap_time_multi)
    [Anonymous Symbol]                       0x08003780   Section        0  mpu6050.o(.text.f1_get_tick_ms_cnt)
    [Anonymous Symbol]                       0x0800378c   Section        0  inv_mpu.o(.text.fabsf)
    fabsf                                    0x0800378d   Thumb Code     4  inv_mpu.o(.text.fabsf)
    [Anonymous Symbol]                       0x08003790   Section        0  main.o(.text.fputc)
    __arm_cp.0_0                             0x080037a8   Number         4  main.o(.text.fputc)
    [Anonymous Symbol]                       0x080037ac   Section        0  inv_mpu.o(.text.get_st_biases)
    get_st_biases                            0x080037ad   Thumb Code   848  inv_mpu.o(.text.get_st_biases)
    __arm_cp.34_0                            0x08003af8   Number         4  inv_mpu.o(.text.get_st_biases)
    [Anonymous Symbol]                       0x08003afc   Section        0  mpu6050.o(.text.inv_row_2_scale)
    inv_row_2_scale                          0x08003afd   Thumb Code    60  mpu6050.o(.text.inv_row_2_scale)
    [Anonymous Symbol]                       0x08003b38   Section        0  main.o(.text.main)
    __arm_cp.1_0                             0x08003b64   Number         4  main.o(.text.main)
    [Anonymous Symbol]                       0x08003b68   Section        0  inv_mpu.o(.text.mpu_configure_fifo)
    [Anonymous Symbol]                       0x08003bb4   Section        0  inv_mpu.o(.text.mpu_get_accel_fsr)
    __arm_cp.18_1                            0x08003bd8   Number         4  inv_mpu.o(.text.mpu_get_accel_fsr)
    [Anonymous Symbol]                       0x08003bdc   Section        0  inv_mpu.o(.text.mpu_get_accel_sens)
    [Anonymous Symbol]                       0x08003c1c   Section        0  inv_mpu.o(.text.mpu_get_gyro_sens)
    __arm_cp.23_1                            0x08003c44   Number         4  inv_mpu.o(.text.mpu_get_gyro_sens)
    __arm_cp.23_2                            0x08003c48   Number         4  inv_mpu.o(.text.mpu_get_gyro_sens)
    __arm_cp.23_3                            0x08003c4c   Number         4  inv_mpu.o(.text.mpu_get_gyro_sens)
    __arm_cp.23_4                            0x08003c50   Number         4  inv_mpu.o(.text.mpu_get_gyro_sens)
    [Anonymous Symbol]                       0x08003c54   Section        0  inv_mpu.o(.text.mpu_get_lpf)
    [Anonymous Symbol]                       0x08003c88   Section        0  inv_mpu.o(.text.mpu_init)
    __arm_cp.2_0                             0x08003dcc   Number         4  inv_mpu.o(.text.mpu_init)
    __arm_cp.2_3                             0x08003e18   Number         4  inv_mpu.o(.text.mpu_init)
    [Anonymous Symbol]                       0x08003e1c   Section        0  inv_mpu.o(.text.mpu_load_firmware)
    __arm_cp.37_0                            0x08003ec8   Number         4  inv_mpu.o(.text.mpu_load_firmware)
    [Anonymous Symbol]                       0x08003ecc   Section        0  inv_mpu.o(.text.mpu_lp_accel_mode)
    __arm_cp.10_0                            0x08003fa0   Number         4  inv_mpu.o(.text.mpu_lp_accel_mode)
    [Anonymous Symbol]                       0x08003fa4   Section        0  inv_mpu.o(.text.mpu_read_fifo_stream)
    __arm_cp.30_0                            0x08004040   Number         4  inv_mpu.o(.text.mpu_read_fifo_stream)
    [Anonymous Symbol]                       0x08004044   Section        0  inv_mpu.o(.text.mpu_read_mem)
    [Anonymous Symbol]                       0x080040a4   Section        0  inv_mpu.o(.text.mpu_reset_fifo)
    __arm_cp.16_0                            0x080041fc   Number         4  inv_mpu.o(.text.mpu_reset_fifo)
    [Anonymous Symbol]                       0x08004200   Section        0  inv_mpu.o(.text.mpu_run_self_test)
    __arm_cp.32_1                            0x080044fc   Number         4  inv_mpu.o(.text.mpu_run_self_test)
    __arm_cp.32_2                            0x08004500   Number         4  inv_mpu.o(.text.mpu_run_self_test)
    __arm_cp.32_3                            0x08004504   Number         4  inv_mpu.o(.text.mpu_run_self_test)
    __arm_cp.32_4                            0x08004508   Number         4  inv_mpu.o(.text.mpu_run_self_test)
    __arm_cp.32_5                            0x0800450c   Number         4  inv_mpu.o(.text.mpu_run_self_test)
    __arm_cp.32_6                            0x08004510   Number         4  inv_mpu.o(.text.mpu_run_self_test)
    __arm_cp.32_7                            0x08004514   Number         4  inv_mpu.o(.text.mpu_run_self_test)
    __arm_cp.32_8                            0x08004518   Number         4  inv_mpu.o(.text.mpu_run_self_test)
    __arm_cp.32_9                            0x0800451c   Number         4  inv_mpu.o(.text.mpu_run_self_test)
    __arm_cp.32_10                           0x08004520   Number         4  inv_mpu.o(.text.mpu_run_self_test)
    [Anonymous Symbol]                       0x08004524   Section        0  inv_mpu.o(.text.mpu_set_accel_fsr)
    __arm_cp.4_0                             0x08004598   Number         4  inv_mpu.o(.text.mpu_set_accel_fsr)
    [Anonymous Symbol]                       0x0800459c   Section        0  inv_mpu.o(.text.mpu_set_bypass)
    [Anonymous Symbol]                       0x0800466c   Section        0  inv_mpu.o(.text.mpu_set_dmp_state)
    [Anonymous Symbol]                       0x080046ec   Section        0  inv_mpu.o(.text.mpu_set_gyro_fsr)
    __arm_cp.3_0                             0x0800475c   Number         4  inv_mpu.o(.text.mpu_set_gyro_fsr)
    [Anonymous Symbol]                       0x08004760   Section        0  inv_mpu.o(.text.mpu_set_int_latched)
    [Anonymous Symbol]                       0x080047b8   Section        0  inv_mpu.o(.text.mpu_set_lpf)
    __arm_cp.5_0                             0x0800481c   Number         4  inv_mpu.o(.text.mpu_set_lpf)
    [Anonymous Symbol]                       0x08004820   Section        0  inv_mpu.o(.text.mpu_set_sample_rate)
    __arm_cp.6_0                             0x0800489c   Number         4  inv_mpu.o(.text.mpu_set_sample_rate)
    [Anonymous Symbol]                       0x080048a0   Section        0  inv_mpu.o(.text.mpu_set_sensors)
    __arm_cp.9_0                             0x08004948   Number         4  inv_mpu.o(.text.mpu_set_sensors)
    [Anonymous Symbol]                       0x0800494c   Section        0  inv_mpu.o(.text.mpu_write_mem)
    __arm_cp.35_0                            0x080049ac   Number         4  inv_mpu.o(.text.mpu_write_mem)
    [Anonymous Symbol]                       0x080049b0   Section        0  mpu6050.o(.text.my_hal_delay)
    [Anonymous Symbol]                       0x080049b4   Section        0  mpu6050.o(.text.read_dmp)
    __arm_cp.18_0                            0x08004b78   Number         4  mpu6050.o(.text.read_dmp)
    [Anonymous Symbol]                       0x08004b7c   Section        0  inv_mpu.o(.text.set_int_enable)
    set_int_enable                           0x08004b7d   Thumb Code    72  inv_mpu.o(.text.set_int_enable)
    __arm_cp.26_0                            0x08004bc0   Number         4  inv_mpu.o(.text.set_int_enable)
    [Anonymous Symbol]                       0x08004bc4   Section        0  mpu6050.o(.text.w_mpu_init)
    __arm_cp.0_0                             0x08004c50   Number         4  mpu6050.o(.text.w_mpu_init)
    __arm_cp.0_1                             0x08004c54   Number         4  mpu6050.o(.text.w_mpu_init)
    __arm_cp.0_3                             0x08004c70   Number         4  mpu6050.o(.text.w_mpu_init)
    __arm_cp.0_5                             0x08004c78   Number         4  mpu6050.o(.text.w_mpu_init)
    [Anonymous Symbol]                       0x08004c7c   Section        0  mpu6050.o(.text.w_mpu_read_byte)
    __arm_cp.7_0                             0x08004ca8   Number         4  mpu6050.o(.text.w_mpu_read_byte)
    [Anonymous Symbol]                       0x08004cac   Section        0  mpu6050.o(.text.w_mpu_read_device_address)
    [Anonymous Symbol]                       0x08004cbc   Section        0  mpu6050.o(.text.w_mpu_set_acce_fsr)
    [Anonymous Symbol]                       0x08004cd0   Section        0  mpu6050.o(.text.w_mpu_set_dlpf)
    [Anonymous Symbol]                       0x08004ce2   Section        0  mpu6050.o(.text.w_mpu_set_gyro_fsr)
    [Anonymous Symbol]                       0x08004cf6   Section        0  mpu6050.o(.text.w_mpu_set_sample_rate)
    [Anonymous Symbol]                       0x08004d08   Section        0  mpu6050.o(.text.w_mpu_write_byte)
    __arm_cp.2_0                             0x08004d34   Number         4  mpu6050.o(.text.w_mpu_write_byte)
    i.__0printf                              0x08004d38   Section        0  printfa.o(i.__0printf)
    i.__ARM_fpclassify                       0x08004d58   Section        0  fpclassify.o(i.__ARM_fpclassify)
    i.__kernel_poly                          0x08004d80   Section        0  poly.o(i.__kernel_poly)
    i.__mathlib_dbl_infnan                   0x08004e2a   Section        0  dunder.o(i.__mathlib_dbl_infnan)
    i.__mathlib_dbl_infnan2                  0x08004e30   Section        0  dunder.o(i.__mathlib_dbl_infnan2)
    i.__mathlib_dbl_invalid                  0x08004e34   Section        0  dunder.o(i.__mathlib_dbl_invalid)
    i.__mathlib_dbl_underflow                0x08004e40   Section        0  dunder.o(i.__mathlib_dbl_underflow)
    i.__scatterload_copy                     0x08004e50   Section       14  handlers.o(i.__scatterload_copy)
    i.__scatterload_null                     0x08004e5e   Section        2  handlers.o(i.__scatterload_null)
    i.__scatterload_zeroinit                 0x08004e60   Section       14  handlers.o(i.__scatterload_zeroinit)
    i.__set_errno                            0x08004e70   Section        0  errno.o(i.__set_errno)
    i._fabsf                                 0x08004e7c   Section        0  fabsf.o(i._fabsf)
    i._fp_digits                             0x08004e84   Section        0  printfa.o(i._fp_digits)
    _fp_digits                               0x08004e85   Thumb Code   366  printfa.o(i._fp_digits)
    i._printf_core                           0x08005008   Section        0  printfa.o(i._printf_core)
    _printf_core                             0x08005009   Thumb Code  1744  printfa.o(i._printf_core)
    i._printf_post_padding                   0x080056e4   Section        0  printfa.o(i._printf_post_padding)
    _printf_post_padding                     0x080056e5   Thumb Code    36  printfa.o(i._printf_post_padding)
    i._printf_pre_padding                    0x08005708   Section        0  printfa.o(i._printf_pre_padding)
    _printf_pre_padding                      0x08005709   Thumb Code    46  printfa.o(i._printf_pre_padding)
    i.asin                                   0x08005738   Section        0  asin.o(i.asin)
    i.atan                                   0x080059a8   Section        0  atan.o(i.atan)
    i.atan2                                  0x08005bc8   Section        0  atan2.o(i.atan2)
    i.puts                                   0x08005d48   Section        0  puts.o(i.puts)
    i.sqrt                                   0x08005d6c   Section        0  sqrt.o(i.sqrt)
    .constdata                               0x08005db8   Section       80  asin.o(.constdata)
    pS                                       0x08005db8   Data          48  asin.o(.constdata)
    qS                                       0x08005de8   Data          32  asin.o(.constdata)
    .constdata                               0x08005e08   Section      152  atan.o(.constdata)
    atanhi                                   0x08005e08   Data          32  atan.o(.constdata)
    atanlo                                   0x08005e28   Data          32  atan.o(.constdata)
    aTodd                                    0x08005e48   Data          40  atan.o(.constdata)
    aTeven                                   0x08005e70   Data          48  atan.o(.constdata)
    .constdata                               0x08005ea0   Section        8  qnan.o(.constdata)
    [Anonymous Symbol]                       0x08005ec0   Section        0  inv_mpu_dmp_motion_driver.o(.rodata.dmp_memory)
    dmp_memory                               0x08005ec0   Data        3062  inv_mpu_dmp_motion_driver.o(.rodata.dmp_memory)
    [Anonymous Symbol]                       0x08006ab6   Section        0  inv_mpu_dmp_motion_driver.o(.rodata.dmp_set_fifo_rate.regs_end)
    dmp_set_fifo_rate.regs_end               0x08006ab6   Data          12  inv_mpu_dmp_motion_driver.o(.rodata.dmp_set_fifo_rate.regs_end)
    [Anonymous Symbol]                       0x08006aec   Section        0  mpu6050.o(.rodata.str1.1)
    .L.str.1                                 0x08006aec   Data          17  mpu6050.o(.rodata.str1.1)
    .L.str.10                                0x08006afd   Data          12  mpu6050.o(.rodata.str1.1)
    .L.str.9                                 0x08006b09   Data          12  mpu6050.o(.rodata.str1.1)
    .L.str.8                                 0x08006b15   Data          12  mpu6050.o(.rodata.str1.1)
    [Anonymous Symbol]                       0x08006b30   Section        0  inv_mpu.o(.rodata.str1.16)
    .Lstr                                    0x08006b30   Data          76  inv_mpu.o(.rodata.str1.16)
    [Anonymous Symbol]                       0x08006b80   Section        0  mpu6050.o(.rodata.str1.16)
    .Lstr.30                                 0x08006b80   Data          66  mpu6050.o(.rodata.str1.16)
    .data                                    0x20000000   Section        4  stdout.o(.data)
    .data                                    0x20000004   Section        4  errno.o(.data)
    _errno                                   0x20000004   Data           4  errno.o(.data)
    [Anonymous Symbol]                       0x20000008   Section        0  stm32f1xx_hal.o(.data..L_MergedGlobals)
    [Anonymous Symbol]                       0x20000020   Section        0  mpu6050.o(.data..L_MergedGlobals)
    gyro_orientation                         0x20000020   Data           9  mpu6050.o(.data..L_MergedGlobals)
    [Anonymous Symbol]                       0x2000003c   Section        0  inv_mpu.o(.data.st)
    st                                       0x2000003c   Data          44  inv_mpu.o(.data.st)
    [Anonymous Symbol]                       0x20000068   Section        0  inv_mpu_dmp_motion_driver.o(.bss..L_MergedGlobals)
    dmp.0                                    0x20000068   Data           4  inv_mpu_dmp_motion_driver.o(.bss..L_MergedGlobals)
    dmp.1                                    0x2000006c   Data           4  inv_mpu_dmp_motion_driver.o(.bss..L_MergedGlobals)
    [Anonymous Symbol]                       0x20000070   Section        0  main.o(.bss.HAL_TIM_PeriodElapsedCallback.tim2_count)
    HAL_TIM_PeriodElapsedCallback.tim2_count 0x20000070   Data           2  main.o(.bss.HAL_TIM_PeriodElapsedCallback.tim2_count)
    [Anonymous Symbol]                       0x20000074   Section        0  inv_mpu_dmp_motion_driver.o(.bss.dmp.2)
    dmp.2                                    0x20000074   Data           2  inv_mpu_dmp_motion_driver.o(.bss.dmp.2)
    [Anonymous Symbol]                       0x20000078   Section        0  inv_mpu_dmp_motion_driver.o(.bss.dmp.3)
    dmp.3                                    0x20000078   Data           2  inv_mpu_dmp_motion_driver.o(.bss.dmp.3)
    [Anonymous Symbol]                       0x2000007c   Section        0  inv_mpu_dmp_motion_driver.o(.bss.dmp.4)
    dmp.4                                    0x2000007c   Data           2  inv_mpu_dmp_motion_driver.o(.bss.dmp.4)
    [Anonymous Symbol]                       0x2000007e   Section        0  inv_mpu_dmp_motion_driver.o(.bss.dmp.5)
    dmp.5                                    0x2000007e   Data           1  inv_mpu_dmp_motion_driver.o(.bss.dmp.5)
    [Anonymous Symbol]                       0x20000170   Section        0  mpu6050.o(.bss.w_mpu_init.device_id)
    w_mpu_init.device_id                     0x20000170   Data           1  mpu6050.o(.bss.w_mpu_init.device_id)
    [Anonymous Symbol]                       0x20000171   Section        0  mpu6050.o(.bss.w_mpu_read_byte.r_data_byte)
    w_mpu_read_byte.r_data_byte              0x20000171   Data           1  mpu6050.o(.bss.w_mpu_read_byte.r_data_byte)
    STACK                                    0x20000178   Section     1024  startup_stm32f103xb.o(STACK)

    Global Symbols

    Symbol Name                              Value     Ov Type        Size  Object(Section)

    BuildAttributes$$THM_ISAv4$P$D$K$B$S$PE$A:L22UL41UL21$X:L11$S22US41US21$IEEE1$IW$~IW$USESV6$~STKCKD$USESV7$~SHL$OTIME$ROPI$IEEEX$EBA8$MICROLIB$REQ8$PRES8$EABIv2 0x00000000   Number         0  anon$$obj.o ABSOLUTE
    _printf_a                                0x00000000   Number         0  stubs.o ABSOLUTE
    _printf_c                                0x00000000   Number         0  stubs.o ABSOLUTE
    _printf_charcount                        0x00000000   Number         0  stubs.o ABSOLUTE
    _printf_d                                0x00000000   Number         0  stubs.o ABSOLUTE
    _printf_e                                0x00000000   Number         0  stubs.o ABSOLUTE
    _printf_f                                0x00000000   Number         0  stubs.o ABSOLUTE
    _printf_flags                            0x00000000   Number         0  stubs.o ABSOLUTE
    _printf_fp_dec                           0x00000000   Number         0  stubs.o ABSOLUTE
    _printf_fp_hex                           0x00000000   Number         0  stubs.o ABSOLUTE
    _printf_g                                0x00000000   Number         0  stubs.o ABSOLUTE
    _printf_i                                0x00000000   Number         0  stubs.o ABSOLUTE
    _printf_int_dec                          0x00000000   Number         0  stubs.o ABSOLUTE
    _printf_l                                0x00000000   Number         0  stubs.o ABSOLUTE
    _printf_lc                               0x00000000   Number         0  stubs.o ABSOLUTE
    _printf_ll                               0x00000000   Number         0  stubs.o ABSOLUTE
    _printf_lld                              0x00000000   Number         0  stubs.o ABSOLUTE
    _printf_lli                              0x00000000   Number         0  stubs.o ABSOLUTE
    _printf_llo                              0x00000000   Number         0  stubs.o ABSOLUTE
    _printf_llu                              0x00000000   Number         0  stubs.o ABSOLUTE
    _printf_llx                              0x00000000   Number         0  stubs.o ABSOLUTE
    _printf_longlong_dec                     0x00000000   Number         0  stubs.o ABSOLUTE
    _printf_longlong_hex                     0x00000000   Number         0  stubs.o ABSOLUTE
    _printf_longlong_oct                     0x00000000   Number         0  stubs.o ABSOLUTE
    _printf_ls                               0x00000000   Number         0  stubs.o ABSOLUTE
    _printf_mbtowc                           0x00000000   Number         0  stubs.o ABSOLUTE
    _printf_n                                0x00000000   Number         0  stubs.o ABSOLUTE
    _printf_o                                0x00000000   Number         0  stubs.o ABSOLUTE
    _printf_p                                0x00000000   Number         0  stubs.o ABSOLUTE
    _printf_percent                          0x00000000   Number         0  stubs.o ABSOLUTE
    _printf_pre_padding                      0x00000000   Number         0  stubs.o ABSOLUTE
    _printf_return_value                     0x00000000   Number         0  stubs.o ABSOLUTE
    _printf_s                                0x00000000   Number         0  stubs.o ABSOLUTE
    _printf_sizespec                         0x00000000   Number         0  stubs.o ABSOLUTE
    _printf_str                              0x00000000   Number         0  stubs.o ABSOLUTE
    _printf_truncate_signed                  0x00000000   Number         0  stubs.o ABSOLUTE
    _printf_truncate_unsigned                0x00000000   Number         0  stubs.o ABSOLUTE
    _printf_u                                0x00000000   Number         0  stubs.o ABSOLUTE
    _printf_wc                               0x00000000   Number         0  stubs.o ABSOLUTE
    _printf_wctomb                           0x00000000   Number         0  stubs.o ABSOLUTE
    _printf_widthprec                        0x00000000   Number         0  stubs.o ABSOLUTE
    _printf_x                                0x00000000   Number         0  stubs.o ABSOLUTE
    __cpp_initialize__aeabi_                  - Undefined Weak Reference
    __cxa_finalize                            - Undefined Weak Reference
    __decompress                              - Undefined Weak Reference
    _clock_init                               - Undefined Weak Reference
    _microlib_exit                            - Undefined Weak Reference
    __Vectors_Size                           0x000000ec   Number         0  startup_stm32f103xb.o ABSOLUTE
    __Vectors                                0x08000000   Data           4  startup_stm32f103xb.o(RESET)
    __Vectors_End                            0x080000ec   Data           0  startup_stm32f103xb.o(RESET)
    __main                                   0x080000ed   Thumb Code     0  entry.o(.ARM.Collect$$$$00000000)
    _main_stk                                0x080000ed   Thumb Code     0  entry2.o(.ARM.Collect$$$$00000001)
    _main_scatterload                        0x080000f1   Thumb Code     0  entry5.o(.ARM.Collect$$$$00000004)
    __main_after_scatterload                 0x080000f5   Thumb Code     0  entry5.o(.ARM.Collect$$$$00000004)
    _main_clock                              0x080000f5   Thumb Code     0  entry7b.o(.ARM.Collect$$$$00000008)
    _main_cpp_init                           0x080000f5   Thumb Code     0  entry8b.o(.ARM.Collect$$$$0000000A)
    _main_init                               0x080000f5   Thumb Code     0  entry9a.o(.ARM.Collect$$$$0000000B)
    __rt_final_cpp                           0x080000fd   Thumb Code     0  entry10a.o(.ARM.Collect$$$$0000000D)
    __rt_final_exit                          0x080000fd   Thumb Code     0  entry11a.o(.ARM.Collect$$$$0000000F)
    Reset_Handler                            0x08000101   Thumb Code     8  startup_stm32f103xb.o(.text)
    ADC1_2_IRQHandler                        0x0800011b   Thumb Code     0  startup_stm32f103xb.o(.text)
    CAN1_RX1_IRQHandler                      0x0800011b   Thumb Code     0  startup_stm32f103xb.o(.text)
    CAN1_SCE_IRQHandler                      0x0800011b   Thumb Code     0  startup_stm32f103xb.o(.text)
    DMA1_Channel1_IRQHandler                 0x0800011b   Thumb Code     0  startup_stm32f103xb.o(.text)
    DMA1_Channel2_IRQHandler                 0x0800011b   Thumb Code     0  startup_stm32f103xb.o(.text)
    DMA1_Channel3_IRQHandler                 0x0800011b   Thumb Code     0  startup_stm32f103xb.o(.text)
    DMA1_Channel4_IRQHandler                 0x0800011b   Thumb Code     0  startup_stm32f103xb.o(.text)
    DMA1_Channel5_IRQHandler                 0x0800011b   Thumb Code     0  startup_stm32f103xb.o(.text)
    DMA1_Channel6_IRQHandler                 0x0800011b   Thumb Code     0  startup_stm32f103xb.o(.text)
    DMA1_Channel7_IRQHandler                 0x0800011b   Thumb Code     0  startup_stm32f103xb.o(.text)
    EXTI0_IRQHandler                         0x0800011b   Thumb Code     0  startup_stm32f103xb.o(.text)
    EXTI15_10_IRQHandler                     0x0800011b   Thumb Code     0  startup_stm32f103xb.o(.text)
    EXTI1_IRQHandler                         0x0800011b   Thumb Code     0  startup_stm32f103xb.o(.text)
    EXTI2_IRQHandler                         0x0800011b   Thumb Code     0  startup_stm32f103xb.o(.text)
    EXTI3_IRQHandler                         0x0800011b   Thumb Code     0  startup_stm32f103xb.o(.text)
    EXTI4_IRQHandler                         0x0800011b   Thumb Code     0  startup_stm32f103xb.o(.text)
    EXTI9_5_IRQHandler                       0x0800011b   Thumb Code     0  startup_stm32f103xb.o(.text)
    FLASH_IRQHandler                         0x0800011b   Thumb Code     0  startup_stm32f103xb.o(.text)
    I2C1_ER_IRQHandler                       0x0800011b   Thumb Code     0  startup_stm32f103xb.o(.text)
    I2C1_EV_IRQHandler                       0x0800011b   Thumb Code     0  startup_stm32f103xb.o(.text)
    I2C2_ER_IRQHandler                       0x0800011b   Thumb Code     0  startup_stm32f103xb.o(.text)
    I2C2_EV_IRQHandler                       0x0800011b   Thumb Code     0  startup_stm32f103xb.o(.text)
    PVD_IRQHandler                           0x0800011b   Thumb Code     0  startup_stm32f103xb.o(.text)
    RCC_IRQHandler                           0x0800011b   Thumb Code     0  startup_stm32f103xb.o(.text)
    RTC_Alarm_IRQHandler                     0x0800011b   Thumb Code     0  startup_stm32f103xb.o(.text)
    RTC_IRQHandler                           0x0800011b   Thumb Code     0  startup_stm32f103xb.o(.text)
    SPI1_IRQHandler                          0x0800011b   Thumb Code     0  startup_stm32f103xb.o(.text)
    SPI2_IRQHandler                          0x0800011b   Thumb Code     0  startup_stm32f103xb.o(.text)
    TAMPER_IRQHandler                        0x0800011b   Thumb Code     0  startup_stm32f103xb.o(.text)
    TIM1_BRK_IRQHandler                      0x0800011b   Thumb Code     0  startup_stm32f103xb.o(.text)
    TIM1_CC_IRQHandler                       0x0800011b   Thumb Code     0  startup_stm32f103xb.o(.text)
    TIM1_TRG_COM_IRQHandler                  0x0800011b   Thumb Code     0  startup_stm32f103xb.o(.text)
    TIM1_UP_IRQHandler                       0x0800011b   Thumb Code     0  startup_stm32f103xb.o(.text)
    TIM3_IRQHandler                          0x0800011b   Thumb Code     0  startup_stm32f103xb.o(.text)
    TIM4_IRQHandler                          0x0800011b   Thumb Code     0  startup_stm32f103xb.o(.text)
    USART2_IRQHandler                        0x0800011b   Thumb Code     0  startup_stm32f103xb.o(.text)
    USART3_IRQHandler                        0x0800011b   Thumb Code     0  startup_stm32f103xb.o(.text)
    USBWakeUp_IRQHandler                     0x0800011b   Thumb Code     0  startup_stm32f103xb.o(.text)
    USB_HP_CAN1_TX_IRQHandler                0x0800011b   Thumb Code     0  startup_stm32f103xb.o(.text)
    USB_LP_CAN1_RX0_IRQHandler               0x0800011b   Thumb Code     0  startup_stm32f103xb.o(.text)
    WWDG_IRQHandler                          0x0800011b   Thumb Code     0  startup_stm32f103xb.o(.text)
    __aeabi_ldivmod                          0x08000125   Thumb Code    98  ldiv.o(.text)
    __aeabi_memset                           0x08000187   Thumb Code    14  memseta.o(.text)
    __aeabi_memset4                          0x08000187   Thumb Code     0  memseta.o(.text)
    __aeabi_memset8                          0x08000187   Thumb Code     0  memseta.o(.text)
    __aeabi_memclr                           0x08000195   Thumb Code     4  memseta.o(.text)
    __aeabi_memclr4                          0x08000195   Thumb Code     0  memseta.o(.text)
    __aeabi_memclr8                          0x08000195   Thumb Code     0  memseta.o(.text)
    _memset$wrapper                          0x08000199   Thumb Code    18  memseta.o(.text)
    memcmp                                   0x080001ab   Thumb Code    26  memcmp.o(.text)
    __aeabi_fadd                             0x080001c5   Thumb Code   164  fadd.o(.text)
    __aeabi_fsub                             0x08000269   Thumb Code     6  fadd.o(.text)
    __aeabi_frsub                            0x0800026f   Thumb Code     6  fadd.o(.text)
    __aeabi_fmul                             0x08000275   Thumb Code   100  fmul.o(.text)
    __aeabi_fdiv                             0x080002d9   Thumb Code   124  fdiv.o(.text)
    __aeabi_dadd                             0x08000355   Thumb Code   322  dadd.o(.text)
    __aeabi_dsub                             0x08000497   Thumb Code     6  dadd.o(.text)
    __aeabi_drsub                            0x0800049d   Thumb Code     6  dadd.o(.text)
    __aeabi_dmul                             0x080004a3   Thumb Code   228  dmul.o(.text)
    __aeabi_ddiv                             0x08000587   Thumb Code   222  ddiv.o(.text)
    __aeabi_fcmple                           0x08000665   Thumb Code    28  fcmple.o(.text)
    __aeabi_fcmplt                           0x08000681   Thumb Code    28  fcmplt.o(.text)
    __aeabi_fcmpeq                           0x0800069d   Thumb Code    28  fcmpeq.o(.text)
    __aeabi_i2f                              0x080006b9   Thumb Code    18  fflti.o(.text)
    __aeabi_ui2f                             0x080006cb   Thumb Code    10  ffltui.o(.text)
    __aeabi_f2iz                             0x080006d5   Thumb Code    50  ffixi.o(.text)
    __aeabi_f2uiz                            0x08000707   Thumb Code    40  ffixui.o(.text)
    __aeabi_f2d                              0x0800072f   Thumb Code    38  f2d.o(.text)
    __aeabi_d2f                              0x08000755   Thumb Code    56  d2f.o(.text)
    __aeabi_uidiv                            0x0800078d   Thumb Code     0  uidiv.o(.text)
    __aeabi_uidivmod                         0x0800078d   Thumb Code    44  uidiv.o(.text)
    __aeabi_uldivmod                         0x080007b9   Thumb Code    98  uldiv.o(.text)
    __aeabi_llsl                             0x0800081b   Thumb Code    30  llshl.o(.text)
    _ll_shift_l                              0x0800081b   Thumb Code     0  llshl.o(.text)
    __aeabi_lasr                             0x08000839   Thumb Code    36  llsshr.o(.text)
    _ll_sshift_r                             0x08000839   Thumb Code     0  llsshr.o(.text)
    __I$use$fp                               0x0800085d   Thumb Code     0  iusefp.o(.text)
    _float_round                             0x0800085d   Thumb Code    18  fepilogue.o(.text)
    _float_epilogue                          0x0800086f   Thumb Code    92  fepilogue.o(.text)
    _double_round                            0x080008cb   Thumb Code    30  depilogue.o(.text)
    _double_epilogue                         0x080008e9   Thumb Code   156  depilogue.o(.text)
    __ARM_scalbn                             0x08000985   Thumb Code    46  dscalb.o(.text)
    scalbn                                   0x08000985   Thumb Code     0  dscalb.o(.text)
    __aeabi_d2ulz                            0x080009b3   Thumb Code    48  dfixul.o(.text)
    __aeabi_cdrcmple                         0x080009e5   Thumb Code    48  cdrcmple.o(.text)
    __scatterload                            0x08000a15   Thumb Code    28  init.o(.text)
    __scatterload_rt2                        0x08000a15   Thumb Code     0  init.o(.text)
    __aeabi_llsr                             0x08000a39   Thumb Code    32  llushr.o(.text)
    _ll_ushift_r                             0x08000a39   Thumb Code     0  llushr.o(.text)
    _dsqrt                                   0x08000a59   Thumb Code   162  dsqrt.o(.text)
    BusFault_Handler                         0x08000afb   Thumb Code     2  stm32f1xx_it.o(.text.BusFault_Handler)
    DebugMon_Handler                         0x08000afd   Thumb Code     2  stm32f1xx_it.o(.text.DebugMon_Handler)
    Error_Handler                            0x08000aff   Thumb Code     8  main.o(.text.Error_Handler)
    HAL_DMA_Abort                            0x08000b07   Thumb Code    62  stm32f1xx_hal_dma.o(.text.HAL_DMA_Abort)
    HAL_DMA_Abort_IT                         0x08000b45   Thumb Code   156  stm32f1xx_hal_dma.o(.text.HAL_DMA_Abort_IT)
    HAL_Delay                                0x08000be1   Thumb Code    44  stm32f1xx_hal.o(.text.HAL_Delay)
    HAL_GPIO_Init                            0x08000c09   Thumb Code   452  stm32f1xx_hal_gpio.o(.text.HAL_GPIO_Init)
    HAL_GPIO_WritePin                        0x08000dcd   Thumb Code    10  stm32f1xx_hal_gpio.o(.text.HAL_GPIO_WritePin)
    HAL_GetTick                              0x08000dd9   Thumb Code    12  stm32f1xx_hal.o(.text.HAL_GetTick)
    HAL_I2C_Init                             0x08000de5   Thumb Code   368  stm32f1xx_hal_i2c.o(.text.HAL_I2C_Init)
    HAL_I2C_Mem_Read                         0x08000f55   Thumb Code   672  stm32f1xx_hal_i2c.o(.text.HAL_I2C_Mem_Read)
    HAL_I2C_Mem_Write                        0x080011e9   Thumb Code   296  stm32f1xx_hal_i2c.o(.text.HAL_I2C_Mem_Write)
    HAL_I2C_MspInit                          0x08001311   Thumb Code    96  i2c.o(.text.HAL_I2C_MspInit)
    HAL_IncTick                              0x0800136d   Thumb Code    16  stm32f1xx_hal.o(.text.HAL_IncTick)
    HAL_Init                                 0x08001379   Thumb Code    36  stm32f1xx_hal.o(.text.HAL_Init)
    HAL_InitTick                             0x0800139d   Thumb Code    64  stm32f1xx_hal.o(.text.HAL_InitTick)
    HAL_MspInit                              0x080013d9   Thumb Code    64  stm32f1xx_hal_msp.o(.text.HAL_MspInit)
    HAL_NVIC_EnableIRQ                       0x08001419   Thumb Code    28  stm32f1xx_hal_cortex.o(.text.HAL_NVIC_EnableIRQ)
    HAL_NVIC_SetPriority                     0x08001435   Thumb Code    92  stm32f1xx_hal_cortex.o(.text.HAL_NVIC_SetPriority)
    HAL_NVIC_SetPriorityGrouping             0x0800148d   Thumb Code    32  stm32f1xx_hal_cortex.o(.text.HAL_NVIC_SetPriorityGrouping)
    HAL_RCC_ClockConfig                      0x080014ad   Thumb Code   312  stm32f1xx_hal_rcc.o(.text.HAL_RCC_ClockConfig)
    HAL_RCC_GetPCLK1Freq                     0x080015e1   Thumb Code    32  stm32f1xx_hal_rcc.o(.text.HAL_RCC_GetPCLK1Freq)
    HAL_RCC_GetPCLK2Freq                     0x080015f5   Thumb Code    32  stm32f1xx_hal_rcc.o(.text.HAL_RCC_GetPCLK2Freq)
    HAL_RCC_GetSysClockFreq                  0x08001611   Thumb Code    88  stm32f1xx_hal_rcc.o(.text.HAL_RCC_GetSysClockFreq)
    HAL_RCC_OscConfig                        0x08001669   Thumb Code   896  stm32f1xx_hal_rcc.o(.text.HAL_RCC_OscConfig)
    HAL_SYSTICK_Config                       0x080019e9   Thumb Code    40  stm32f1xx_hal_cortex.o(.text.HAL_SYSTICK_Config)
    HAL_TIMEx_BreakCallback                  0x08001a11   Thumb Code     2  stm32f1xx_hal_tim_ex.o(.text.HAL_TIMEx_BreakCallback)
    HAL_TIMEx_CommutCallback                 0x08001a13   Thumb Code     2  stm32f1xx_hal_tim_ex.o(.text.HAL_TIMEx_CommutCallback)
    HAL_TIMEx_MasterConfigSynchronization    0x08001a15   Thumb Code   108  stm32f1xx_hal_tim_ex.o(.text.HAL_TIMEx_MasterConfigSynchronization)
    HAL_TIM_Base_Init                        0x08001a75   Thumb Code    88  stm32f1xx_hal_tim.o(.text.HAL_TIM_Base_Init)
    HAL_TIM_Base_MspInit                     0x08001acd   Thumb Code    56  tim.o(.text.HAL_TIM_Base_MspInit)
    HAL_TIM_Base_Start_IT                    0x08001b05   Thumb Code    88  stm32f1xx_hal_tim.o(.text.HAL_TIM_Base_Start_IT)
    HAL_TIM_ConfigClockSource                0x08001b5d   Thumb Code   272  stm32f1xx_hal_tim.o(.text.HAL_TIM_ConfigClockSource)
    HAL_TIM_IC_CaptureCallback               0x08001c6d   Thumb Code     2  stm32f1xx_hal_tim.o(.text.HAL_TIM_IC_CaptureCallback)
    HAL_TIM_IRQHandler                       0x08001c6f   Thumb Code   370  stm32f1xx_hal_tim.o(.text.HAL_TIM_IRQHandler)
    HAL_TIM_OC_DelayElapsedCallback          0x08001de1   Thumb Code     2  stm32f1xx_hal_tim.o(.text.HAL_TIM_OC_DelayElapsedCallback)
    HAL_TIM_PWM_PulseFinishedCallback        0x08001de3   Thumb Code     2  stm32f1xx_hal_tim.o(.text.HAL_TIM_PWM_PulseFinishedCallback)
    HAL_TIM_PeriodElapsedCallback            0x08001de5   Thumb Code   148  main.o(.text.HAL_TIM_PeriodElapsedCallback)
    HAL_TIM_TriggerCallback                  0x08001e79   Thumb Code     2  stm32f1xx_hal_tim.o(.text.HAL_TIM_TriggerCallback)
    HAL_UARTEx_RxEventCallback               0x08001e7b   Thumb Code     2  stm32f1xx_hal_uart.o(.text.HAL_UARTEx_RxEventCallback)
    HAL_UART_ErrorCallback                   0x08001e7d   Thumb Code     2  stm32f1xx_hal_uart.o(.text.HAL_UART_ErrorCallback)
    HAL_UART_IRQHandler                      0x08001e81   Thumb Code   572  stm32f1xx_hal_uart.o(.text.HAL_UART_IRQHandler)
    HAL_UART_Init                            0x080020bd   Thumb Code    92  stm32f1xx_hal_uart.o(.text.HAL_UART_Init)
    HAL_UART_MspInit                         0x08002119   Thumb Code   136  usart.o(.text.HAL_UART_MspInit)
    HAL_UART_RxCpltCallback                  0x080021a1   Thumb Code     2  stm32f1xx_hal_uart.o(.text.HAL_UART_RxCpltCallback)
    HAL_UART_Transmit                        0x080021a3   Thumb Code   180  stm32f1xx_hal_uart.o(.text.HAL_UART_Transmit)
    HAL_UART_TxCpltCallback                  0x08002257   Thumb Code     2  stm32f1xx_hal_uart.o(.text.HAL_UART_TxCpltCallback)
    HardFault_Handler                        0x08002259   Thumb Code     2  stm32f1xx_it.o(.text.HardFault_Handler)
    MX_GPIO_Init                             0x0800264d   Thumb Code   128  gpio.o(.text.MX_GPIO_Init)
    MX_I2C1_Init                             0x080026cd   Thumb Code    60  i2c.o(.text.MX_I2C1_Init)
    MX_TIM2_Init                             0x08002709   Thumb Code   100  tim.o(.text.MX_TIM2_Init)
    MX_USART1_UART_Init                      0x08002769   Thumb Code    56  usart.o(.text.MX_USART1_UART_Init)
    MemManage_Handler                        0x08002799   Thumb Code     2  stm32f1xx_it.o(.text.MemManage_Handler)
    NMI_Handler                              0x0800279b   Thumb Code     2  stm32f1xx_it.o(.text.NMI_Handler)
    PendSV_Handler                           0x0800279d   Thumb Code     2  stm32f1xx_it.o(.text.PendSV_Handler)
    SVC_Handler                              0x0800279f   Thumb Code     2  stm32f1xx_it.o(.text.SVC_Handler)
    SysTick_Handler                          0x080027a1   Thumb Code     4  stm32f1xx_it.o(.text.SysTick_Handler)
    SystemClock_Config                       0x080027a5   Thumb Code   102  main.o(.text.SystemClock_Config)
    SystemInit                               0x0800280b   Thumb Code     2  system_stm32f1xx.o(.text.SystemInit)
    TIM2_IRQHandler                          0x0800280d   Thumb Code    12  stm32f1xx_it.o(.text.TIM2_IRQHandler)
    TIM_Base_SetConfig                       0x08002819   Thumb Code   116  stm32f1xx_hal_tim.o(.text.TIM_Base_SetConfig)
    USART1_IRQHandler                        0x08002aa1   Thumb Code    12  stm32f1xx_it.o(.text.USART1_IRQHandler)
    UsageFault_Handler                       0x08002aad   Thumb Code     2  stm32f1xx_it.o(.text.UsageFault_Handler)
    dmp_enable_6x_lp_quat                    0x08002ab1   Thumb Code    40  inv_mpu_dmp_motion_driver.o(.text.dmp_enable_6x_lp_quat)
    dmp_enable_feature                       0x08002ad9   Thumb Code   500  inv_mpu_dmp_motion_driver.o(.text.dmp_enable_feature)
    dmp_enable_gyro_cal                      0x08002ccd   Thumb Code    68  inv_mpu_dmp_motion_driver.o(.text.dmp_enable_gyro_cal)
    dmp_enable_lp_quat                       0x08002d11   Thumb Code    40  inv_mpu_dmp_motion_driver.o(.text.dmp_enable_lp_quat)
    dmp_i2c_read                             0x08002d39   Thumb Code    36  mpu6050.o(.text.dmp_i2c_read)
    dmp_i2c_write                            0x08002d59   Thumb Code    36  mpu6050.o(.text.dmp_i2c_write)
    dmp_init                                 0x08002d7d   Thumb Code   768  mpu6050.o(.text.dmp_init)
    dmp_load_motion_driver_firmware          0x0800307d   Thumb Code    20  inv_mpu_dmp_motion_driver.o(.text.dmp_load_motion_driver_firmware)
    dmp_read_fifo                            0x08003091   Thumb Code   484  inv_mpu_dmp_motion_driver.o(.text.dmp_read_fifo)
    dmp_set_accel_bias                       0x08003275   Thumb Code   204  inv_mpu_dmp_motion_driver.o(.text.dmp_set_accel_bias)
    dmp_set_fifo_rate                        0x0800333d   Thumb Code    84  inv_mpu_dmp_motion_driver.o(.text.dmp_set_fifo_rate)
    dmp_set_gyro_bias                        0x08003391   Thumb Code   220  inv_mpu_dmp_motion_driver.o(.text.dmp_set_gyro_bias)
    dmp_set_orientation                      0x08003469   Thumb Code   216  inv_mpu_dmp_motion_driver.o(.text.dmp_set_orientation)
    dmp_set_shake_reject_thresh              0x08003541   Thumb Code    50  inv_mpu_dmp_motion_driver.o(.text.dmp_set_shake_reject_thresh)
    dmp_set_shake_reject_time                0x08003573   Thumb Code    36  inv_mpu_dmp_motion_driver.o(.text.dmp_set_shake_reject_time)
    dmp_set_shake_reject_timeout             0x08003597   Thumb Code    36  inv_mpu_dmp_motion_driver.o(.text.dmp_set_shake_reject_timeout)
    dmp_set_tap_axes                         0x080035bb   Thumb Code    54  inv_mpu_dmp_motion_driver.o(.text.dmp_set_tap_axes)
    dmp_set_tap_count                        0x080035f1   Thumb Code    40  inv_mpu_dmp_motion_driver.o(.text.dmp_set_tap_count)
    dmp_set_tap_thresh                       0x08003619   Thumb Code   288  inv_mpu_dmp_motion_driver.o(.text.dmp_set_tap_thresh)
    dmp_set_tap_time                         0x08003739   Thumb Code    36  inv_mpu_dmp_motion_driver.o(.text.dmp_set_tap_time)
    dmp_set_tap_time_multi                   0x0800375d   Thumb Code    36  inv_mpu_dmp_motion_driver.o(.text.dmp_set_tap_time_multi)
    f1_get_tick_ms_cnt                       0x08003781   Thumb Code    12  mpu6050.o(.text.f1_get_tick_ms_cnt)
    fputc                                    0x08003791   Thumb Code    28  main.o(.text.fputc)
    main                                     0x08003b39   Thumb Code    48  main.o(.text.main)
    mpu_configure_fifo                       0x08003b69   Thumb Code    80  inv_mpu.o(.text.mpu_configure_fifo)
    mpu_get_accel_fsr                        0x08003bb5   Thumb Code    44  inv_mpu.o(.text.mpu_get_accel_fsr)
    mpu_get_accel_sens                       0x08003bdd   Thumb Code    68  inv_mpu.o(.text.mpu_get_accel_sens)
    mpu_get_gyro_sens                        0x08003c1d   Thumb Code    60  inv_mpu.o(.text.mpu_get_gyro_sens)
    mpu_get_lpf                              0x08003c55   Thumb Code    56  inv_mpu.o(.text.mpu_get_lpf)
    mpu_init                                 0x08003c89   Thumb Code   404  inv_mpu.o(.text.mpu_init)
    mpu_load_firmware                        0x08003e1d   Thumb Code   176  inv_mpu.o(.text.mpu_load_firmware)
    mpu_lp_accel_mode                        0x08003ecd   Thumb Code   216  inv_mpu.o(.text.mpu_lp_accel_mode)
    mpu_read_fifo_stream                     0x08003fa5   Thumb Code   160  inv_mpu.o(.text.mpu_read_fifo_stream)
    mpu_read_mem                             0x08004045   Thumb Code   100  inv_mpu.o(.text.mpu_read_mem)
    mpu_reset_fifo                           0x080040a5   Thumb Code   348  inv_mpu.o(.text.mpu_reset_fifo)
    mpu_run_self_test                        0x08004201   Thumb Code   808  inv_mpu.o(.text.mpu_run_self_test)
    mpu_set_accel_fsr                        0x08004525   Thumb Code   120  inv_mpu.o(.text.mpu_set_accel_fsr)
    mpu_set_bypass                           0x0800459d   Thumb Code   212  inv_mpu.o(.text.mpu_set_bypass)
    mpu_set_dmp_state                        0x0800466d   Thumb Code   132  inv_mpu.o(.text.mpu_set_dmp_state)
    mpu_set_gyro_fsr                         0x080046ed   Thumb Code   116  inv_mpu.o(.text.mpu_set_gyro_fsr)
    mpu_set_int_latched                      0x08004761   Thumb Code    92  inv_mpu.o(.text.mpu_set_int_latched)
    mpu_set_lpf                              0x080047b9   Thumb Code   104  inv_mpu.o(.text.mpu_set_lpf)
    mpu_set_sample_rate                      0x08004821   Thumb Code   128  inv_mpu.o(.text.mpu_set_sample_rate)
    mpu_set_sensors                          0x080048a1   Thumb Code   172  inv_mpu.o(.text.mpu_set_sensors)
    mpu_write_mem                            0x0800494d   Thumb Code   100  inv_mpu.o(.text.mpu_write_mem)
    my_hal_delay                             0x080049b1   Thumb Code     4  mpu6050.o(.text.my_hal_delay)
    read_dmp                                 0x080049b5   Thumb Code   456  mpu6050.o(.text.read_dmp)
    w_mpu_init                               0x08004bc5   Thumb Code   184  mpu6050.o(.text.w_mpu_init)
    w_mpu_read_byte                          0x08004c7d   Thumb Code    52  mpu6050.o(.text.w_mpu_read_byte)
    w_mpu_read_device_address                0x08004cad   Thumb Code    16  mpu6050.o(.text.w_mpu_read_device_address)
    w_mpu_set_acce_fsr                       0x08004cbd   Thumb Code    20  mpu6050.o(.text.w_mpu_set_acce_fsr)
    w_mpu_set_dlpf                           0x08004cd1   Thumb Code    18  mpu6050.o(.text.w_mpu_set_dlpf)
    w_mpu_set_gyro_fsr                       0x08004ce3   Thumb Code    20  mpu6050.o(.text.w_mpu_set_gyro_fsr)
    w_mpu_set_sample_rate                    0x08004cf7   Thumb Code    18  mpu6050.o(.text.w_mpu_set_sample_rate)
    w_mpu_write_byte                         0x08004d09   Thumb Code    48  mpu6050.o(.text.w_mpu_write_byte)
    __0printf                                0x08004d39   Thumb Code    22  printfa.o(i.__0printf)
    __1printf                                0x08004d39   Thumb Code     0  printfa.o(i.__0printf)
    __2printf                                0x08004d39   Thumb Code     0  printfa.o(i.__0printf)
    __c89printf                              0x08004d39   Thumb Code     0  printfa.o(i.__0printf)
    printf                                   0x08004d39   Thumb Code     0  printfa.o(i.__0printf)
    __ARM_fpclassify                         0x08004d59   Thumb Code    40  fpclassify.o(i.__ARM_fpclassify)
    __kernel_poly                            0x08004d81   Thumb Code   170  poly.o(i.__kernel_poly)
    __mathlib_dbl_infnan                     0x08004e2b   Thumb Code     6  dunder.o(i.__mathlib_dbl_infnan)
    __mathlib_dbl_infnan2                    0x08004e31   Thumb Code     4  dunder.o(i.__mathlib_dbl_infnan2)
    __mathlib_dbl_invalid                    0x08004e35   Thumb Code    12  dunder.o(i.__mathlib_dbl_invalid)
    __mathlib_dbl_underflow                  0x08004e41   Thumb Code    10  dunder.o(i.__mathlib_dbl_underflow)
    __scatterload_copy                       0x08004e51   Thumb Code    14  handlers.o(i.__scatterload_copy)
    __scatterload_null                       0x08004e5f   Thumb Code     2  handlers.o(i.__scatterload_null)
    __scatterload_zeroinit                   0x08004e61   Thumb Code    14  handlers.o(i.__scatterload_zeroinit)
    __set_errno                              0x08004e71   Thumb Code     6  errno.o(i.__set_errno)
    _fabsf                                   0x08004e7d   Thumb Code     6  fabsf.o(i._fabsf)
    asin                                     0x08005739   Thumb Code   572  asin.o(i.asin)
    atan                                     0x080059a9   Thumb Code   474  atan.o(i.atan)
    atan2                                    0x08005bc9   Thumb Code   346  atan2.o(i.atan2)
    puts                                     0x08005d49   Thumb Code    30  puts.o(i.puts)
    sqrt                                     0x08005d6d   Thumb Code    76  sqrt.o(i.sqrt)
    __mathlib_zero                           0x08005ea0   Data           8  qnan.o(.constdata)
    AHBPrescTable                            0x08005ea8   Data          16  system_stm32f1xx.o(.rodata.AHBPrescTable)
    APBPrescTable                            0x08005eb8   Data           8  system_stm32f1xx.o(.rodata.APBPrescTable)
    hw                                       0x08006ac2   Data          12  inv_mpu.o(.rodata.hw)
    reg                                      0x08006ace   Data          30  inv_mpu.o(.rodata.reg)
    test                                     0x08006bc4   Data          40  inv_mpu.o(.rodata.test)
    Region$$Table$$Base                      0x08006bec   Number         0  anon$$obj.o(Region$$Table)
    Region$$Table$$Limit                     0x08006c0c   Number         0  anon$$obj.o(Region$$Table)
    __stdout                                 0x20000000   Data           4  stdout.o(.data)
    uwTickFreq                               0x20000008   Data           1  stm32f1xx_hal.o(.data..L_MergedGlobals)
    uwTickPrio                               0x2000000c   Data           4  stm32f1xx_hal.o(.data..L_MergedGlobals)
    uwTick                                   0x20000010   Data           4  stm32f1xx_hal.o(.data..L_MergedGlobals)
    mpu_pose_msg                             0x2000002c   Data          12  mpu6050.o(.data..L_MergedGlobals)
    SystemCoreClock                          0x20000038   Data           4  system_stm32f1xx.o(.data.SystemCoreClock)
    hi2c1                                    0x20000080   Data          84  i2c.o(.bss.hi2c1)
    htim2                                    0x200000d4   Data          72  tim.o(.bss.htim2)
    huart1                                   0x2000011c   Data          68  usart.o(.bss.huart1)
    mpu_raw_msg                              0x20000160   Data          16  mpu6050.o(.bss.mpu_raw_msg)
    __initial_sp                             0x20000578   Data           0  startup_stm32f103xb.o(STACK)



==============================================================================

Memory Map of the image

  Image Entry point : 0x080000ed

  Load Region LR_IROM1 (Base: 0x08000000, Size: 0x00006c78, Max: 0x00010000, ABSOLUTE)

    Execution Region ER_IROM1 (Exec base: 0x08000000, Load base: 0x08000000, Size: 0x00006c0c, Max: 0x00010000, ABSOLUTE)

    Exec Addr    Load Addr    Size         Type   Attr      Idx    E Section Name        Object

    0x08000000   0x08000000   0x000000ec   Data   RO            3    RESET               startup_stm32f103xb.o
    0x080000ec   0x080000ec   0x00000000   Code   RO         1408  * .ARM.Collect$$$$00000000  mc_w.l(entry.o)
    0x080000ec   0x080000ec   0x00000004   Code   RO         1751    .ARM.Collect$$$$00000001  mc_w.l(entry2.o)
    0x080000f0   0x080000f0   0x00000004   Code   RO         1754    .ARM.Collect$$$$00000004  mc_w.l(entry5.o)
    0x080000f4   0x080000f4   0x00000000   Code   RO         1756    .ARM.Collect$$$$00000008  mc_w.l(entry7b.o)
    0x080000f4   0x080000f4   0x00000000   Code   RO         1758    .ARM.Collect$$$$0000000A  mc_w.l(entry8b.o)
    0x080000f4   0x080000f4   0x00000008   Code   RO         1759    .ARM.Collect$$$$0000000B  mc_w.l(entry9a.o)
    0x080000fc   0x080000fc   0x00000000   Code   RO         1761    .ARM.Collect$$$$0000000D  mc_w.l(entry10a.o)
    0x080000fc   0x080000fc   0x00000000   Code   RO         1763    .ARM.Collect$$$$0000000F  mc_w.l(entry11a.o)
    0x080000fc   0x080000fc   0x00000004   Code   RO         1752    .ARM.Collect$$$$00002712  mc_w.l(entry2.o)
    0x08000100   0x08000100   0x00000024   Code   RO            4    .text               startup_stm32f103xb.o
    0x08000124   0x08000124   0x00000062   Code   RO         1415    .text               mc_w.l(ldiv.o)
    0x08000186   0x08000186   0x00000024   Code   RO         1417    .text               mc_w.l(memseta.o)
    0x080001aa   0x080001aa   0x0000001a   Code   RO         1419    .text               mc_w.l(memcmp.o)
    0x080001c4   0x080001c4   0x000000b0   Code   RO         1682    .text               mf_w.l(fadd.o)
    0x08000274   0x08000274   0x00000064   Code   RO         1684    .text               mf_w.l(fmul.o)
    0x080002d8   0x080002d8   0x0000007c   Code   RO         1686    .text               mf_w.l(fdiv.o)
    0x08000354   0x08000354   0x0000014e   Code   RO         1688    .text               mf_w.l(dadd.o)
    0x080004a2   0x080004a2   0x000000e4   Code   RO         1690    .text               mf_w.l(dmul.o)
    0x08000586   0x08000586   0x000000de   Code   RO         1692    .text               mf_w.l(ddiv.o)
    0x08000664   0x08000664   0x0000001c   Code   RO         1694    .text               mf_w.l(fcmple.o)
    0x08000680   0x08000680   0x0000001c   Code   RO         1696    .text               mf_w.l(fcmplt.o)
    0x0800069c   0x0800069c   0x0000001c   Code   RO         1698    .text               mf_w.l(fcmpeq.o)
    0x080006b8   0x080006b8   0x00000012   Code   RO         1700    .text               mf_w.l(fflti.o)
    0x080006ca   0x080006ca   0x0000000a   Code   RO         1702    .text               mf_w.l(ffltui.o)
    0x080006d4   0x080006d4   0x00000032   Code   RO         1706    .text               mf_w.l(ffixi.o)
    0x08000706   0x08000706   0x00000028   Code   RO         1708    .text               mf_w.l(ffixui.o)
    0x0800072e   0x0800072e   0x00000026   Code   RO         1710    .text               mf_w.l(f2d.o)
    0x08000754   0x08000754   0x00000038   Code   RO         1712    .text               mf_w.l(d2f.o)
    0x0800078c   0x0800078c   0x0000002c   Code   RO         1766    .text               mc_w.l(uidiv.o)
    0x080007b8   0x080007b8   0x00000062   Code   RO         1768    .text               mc_w.l(uldiv.o)
    0x0800081a   0x0800081a   0x0000001e   Code   RO         1770    .text               mc_w.l(llshl.o)
    0x08000838   0x08000838   0x00000024   Code   RO         1772    .text               mc_w.l(llsshr.o)
    0x0800085c   0x0800085c   0x00000000   Code   RO         1781    .text               mc_w.l(iusefp.o)
    0x0800085c   0x0800085c   0x0000006e   Code   RO         1782    .text               mf_w.l(fepilogue.o)
    0x080008ca   0x080008ca   0x000000ba   Code   RO         1784    .text               mf_w.l(depilogue.o)
    0x08000984   0x08000984   0x0000002e   Code   RO         1786    .text               mf_w.l(dscalb.o)
    0x080009b2   0x080009b2   0x00000030   Code   RO         1788    .text               mf_w.l(dfixul.o)
    0x080009e2   0x080009e2   0x00000002   PAD
    0x080009e4   0x080009e4   0x00000030   Code   RO         1790    .text               mf_w.l(cdrcmple.o)
    0x08000a14   0x08000a14   0x00000024   Code   RO         1792    .text               mc_w.l(init.o)
    0x08000a38   0x08000a38   0x00000020   Code   RO         1794    .text               mc_w.l(llushr.o)
    0x08000a58   0x08000a58   0x000000a2   Code   RO         1796    .text               mf_w.l(dsqrt.o)
    0x08000afa   0x08000afa   0x00000002   Code   RO          109    .text.BusFault_Handler  stm32f1xx_it.o
    0x08000afc   0x08000afc   0x00000002   Code   RO          115    .text.DebugMon_Handler  stm32f1xx_it.o
    0x08000afe   0x08000afe   0x00000008   Code   RO           17    .text.Error_Handler  main.o
    0x08000b06   0x08000b06   0x0000003e   Code   RO          455    .text.HAL_DMA_Abort  stm32f1xx_hal_dma.o
    0x08000b44   0x08000b44   0x0000009c   Code   RO          457    .text.HAL_DMA_Abort_IT  stm32f1xx_hal_dma.o
    0x08000be0   0x08000be0   0x00000028   Code   RO          320    .text.HAL_Delay     stm32f1xx_hal.o
    0x08000c08   0x08000c08   0x000001c4   Code   RO          418    .text.HAL_GPIO_Init  stm32f1xx_hal_gpio.o
    0x08000dcc   0x08000dcc   0x0000000a   Code   RO          424    .text.HAL_GPIO_WritePin  stm32f1xx_hal_gpio.o
    0x08000dd6   0x08000dd6   0x00000002   PAD
    0x08000dd8   0x08000dd8   0x0000000c   Code   RO          312    .text.HAL_GetTick   stm32f1xx_hal.o
    0x08000de4   0x08000de4   0x00000170   Code   RO          165    .text.HAL_I2C_Init  stm32f1xx_hal_i2c.o
    0x08000f54   0x08000f54   0x00000294   Code   RO          213    .text.HAL_I2C_Mem_Read  stm32f1xx_hal_i2c.o
    0x080011e8   0x080011e8   0x00000128   Code   RO          209    .text.HAL_I2C_Mem_Write  stm32f1xx_hal_i2c.o
    0x08001310   0x08001310   0x0000005c   Code   RO           51    .text.HAL_I2C_MspInit  i2c.o
    0x0800136c   0x0800136c   0x0000000c   Code   RO          310    .text.HAL_IncTick   stm32f1xx_hal.o
    0x08001378   0x08001378   0x00000024   Code   RO          300    .text.HAL_Init      stm32f1xx_hal.o
    0x0800139c   0x0800139c   0x0000003c   Code   RO          302    .text.HAL_InitTick  stm32f1xx_hal.o
    0x080013d8   0x080013d8   0x00000040   Code   RO          135    .text.HAL_MspInit   stm32f1xx_hal_msp.o
    0x08001418   0x08001418   0x0000001c   Code   RO          486    .text.HAL_NVIC_EnableIRQ  stm32f1xx_hal_cortex.o
    0x08001434   0x08001434   0x00000058   Code   RO          484    .text.HAL_NVIC_SetPriority  stm32f1xx_hal_cortex.o
    0x0800148c   0x0800148c   0x00000020   Code   RO          482    .text.HAL_NVIC_SetPriorityGrouping  stm32f1xx_hal_cortex.o
    0x080014ac   0x080014ac   0x00000134   Code   RO          366    .text.HAL_RCC_ClockConfig  stm32f1xx_hal_rcc.o
    0x080015e0   0x080015e0   0x00000014   Code   RO          378    .text.HAL_RCC_GetPCLK1Freq  stm32f1xx_hal_rcc.o
    0x080015f4   0x080015f4   0x0000001c   Code   RO          380    .text.HAL_RCC_GetPCLK2Freq  stm32f1xx_hal_rcc.o
    0x08001610   0x08001610   0x00000058   Code   RO          368    .text.HAL_RCC_GetSysClockFreq  stm32f1xx_hal_rcc.o
    0x08001668   0x08001668   0x00000380   Code   RO          364    .text.HAL_RCC_OscConfig  stm32f1xx_hal_rcc.o
    0x080019e8   0x080019e8   0x00000028   Code   RO          492    .text.HAL_SYSTICK_Config  stm32f1xx_hal_cortex.o
    0x08001a10   0x08001a10   0x00000002   Code   RO          984    .text.HAL_TIMEx_BreakCallback  stm32f1xx_hal_tim_ex.o
    0x08001a12   0x08001a12   0x00000002   Code   RO          980    .text.HAL_TIMEx_CommutCallback  stm32f1xx_hal_tim_ex.o
    0x08001a14   0x08001a14   0x00000060   Code   RO          974    .text.HAL_TIMEx_MasterConfigSynchronization  stm32f1xx_hal_tim_ex.o
    0x08001a74   0x08001a74   0x00000058   Code   RO          664    .text.HAL_TIM_Base_Init  stm32f1xx_hal_tim.o
    0x08001acc   0x08001acc   0x00000038   Code   RO           69    .text.HAL_TIM_Base_MspInit  tim.o
    0x08001b04   0x08001b04   0x00000058   Code   RO          678    .text.HAL_TIM_Base_Start_IT  stm32f1xx_hal_tim.o
    0x08001b5c   0x08001b5c   0x00000110   Code   RO          852    .text.HAL_TIM_ConfigClockSource  stm32f1xx_hal_tim.o
    0x08001c6c   0x08001c6c   0x00000002   Code   RO          800    .text.HAL_TIM_IC_CaptureCallback  stm32f1xx_hal_tim.o
    0x08001c6e   0x08001c6e   0x00000172   Code   RO          798    .text.HAL_TIM_IRQHandler  stm32f1xx_hal_tim.o
    0x08001de0   0x08001de0   0x00000002   Code   RO          802    .text.HAL_TIM_OC_DelayElapsedCallback  stm32f1xx_hal_tim.o
    0x08001de2   0x08001de2   0x00000002   Code   RO          804    .text.HAL_TIM_PWM_PulseFinishedCallback  stm32f1xx_hal_tim.o
    0x08001de4   0x08001de4   0x00000094   Code   RO           19    .text.HAL_TIM_PeriodElapsedCallback  main.o
    0x08001e78   0x08001e78   0x00000002   Code   RO          808    .text.HAL_TIM_TriggerCallback  stm32f1xx_hal_tim.o
    0x08001e7a   0x08001e7a   0x00000002   Code   RO         1089    .text.HAL_UARTEx_RxEventCallback  stm32f1xx_hal_uart.o
    0x08001e7c   0x08001e7c   0x00000002   Code   RO         1087    .text.HAL_UART_ErrorCallback  stm32f1xx_hal_uart.o
    0x08001e7e   0x08001e7e   0x00000002   PAD
    0x08001e80   0x08001e80   0x0000023c   Code   RO         1081    .text.HAL_UART_IRQHandler  stm32f1xx_hal_uart.o
    0x080020bc   0x080020bc   0x0000005c   Code   RO         1001    .text.HAL_UART_Init  stm32f1xx_hal_uart.o
    0x08002118   0x08002118   0x00000088   Code   RO           87    .text.HAL_UART_MspInit  usart.o
    0x080021a0   0x080021a0   0x00000002   Code   RO         1095    .text.HAL_UART_RxCpltCallback  stm32f1xx_hal_uart.o
    0x080021a2   0x080021a2   0x000000b4   Code   RO         1017    .text.HAL_UART_Transmit  stm32f1xx_hal_uart.o
    0x08002256   0x08002256   0x00000002   Code   RO         1091    .text.HAL_UART_TxCpltCallback  stm32f1xx_hal_uart.o
    0x08002258   0x08002258   0x00000002   Code   RO          105    .text.HardFault_Handler  stm32f1xx_it.o
    0x0800225a   0x0800225a   0x00000002   PAD
    0x0800225c   0x0800225c   0x00000030   Code   RO          287    .text.I2C_IsAcknowledgeFailed  stm32f1xx_hal_i2c.o
    0x0800228c   0x0800228c   0x00000100   Code   RO          215    .text.I2C_RequestMemoryRead  stm32f1xx_hal_i2c.o
    0x0800238c   0x0800238c   0x000000b8   Code   RO          211    .text.I2C_RequestMemoryWrite  stm32f1xx_hal_i2c.o
    0x08002444   0x08002444   0x00000050   Code   RO          179    .text.I2C_WaitOnBTFFlagUntilTimeout  stm32f1xx_hal_i2c.o
    0x08002494   0x08002494   0x0000007c   Code   RO          175    .text.I2C_WaitOnFlagUntilTimeout  stm32f1xx_hal_i2c.o
    0x08002510   0x08002510   0x00000088   Code   RO          285    .text.I2C_WaitOnMasterAddressFlagUntilTimeout  stm32f1xx_hal_i2c.o
    0x08002598   0x08002598   0x00000062   Code   RO          183    .text.I2C_WaitOnRXNEFlagUntilTimeout  stm32f1xx_hal_i2c.o
    0x080025fa   0x080025fa   0x00000050   Code   RO          177    .text.I2C_WaitOnTXEFlagUntilTimeout  stm32f1xx_hal_i2c.o
    0x0800264a   0x0800264a   0x00000002   PAD
    0x0800264c   0x0800264c   0x00000080   Code   RO           36    .text.MX_GPIO_Init  gpio.o
    0x080026cc   0x080026cc   0x0000003c   Code   RO           49    .text.MX_I2C1_Init  i2c.o
    0x08002708   0x08002708   0x00000060   Code   RO           67    .text.MX_TIM2_Init  tim.o
    0x08002768   0x08002768   0x00000030   Code   RO           85    .text.MX_USART1_UART_Init  usart.o
    0x08002798   0x08002798   0x00000002   Code   RO          107    .text.MemManage_Handler  stm32f1xx_it.o
    0x0800279a   0x0800279a   0x00000002   Code   RO          103    .text.NMI_Handler   stm32f1xx_it.o
    0x0800279c   0x0800279c   0x00000002   Code   RO          117    .text.PendSV_Handler  stm32f1xx_it.o
    0x0800279e   0x0800279e   0x00000002   Code   RO          113    .text.SVC_Handler   stm32f1xx_it.o
    0x080027a0   0x080027a0   0x00000004   Code   RO          119    .text.SysTick_Handler  stm32f1xx_it.o
    0x080027a4   0x080027a4   0x00000066   Code   RO           15    .text.SystemClock_Config  main.o
    0x0800280a   0x0800280a   0x00000002   Code   RO         1128    .text.SystemInit    system_stm32f1xx.o
    0x0800280c   0x0800280c   0x0000000c   Code   RO          121    .text.TIM2_IRQHandler  stm32f1xx_it.o
    0x08002818   0x08002818   0x00000074   Code   RO          668    .text.TIM_Base_SetConfig  stm32f1xx_hal_tim.o
    0x0800288c   0x0800288c   0x00000022   Code   RO          854    .text.TIM_TI1_ConfigInputStage  stm32f1xx_hal_tim.o
    0x080028ae   0x080028ae   0x00000022   Code   RO          856    .text.TIM_TI2_ConfigInputStage  stm32f1xx_hal_tim.o
    0x080028d0   0x080028d0   0x0000000c   Code   RO         1085    .text.UART_DMAAbortOnError  stm32f1xx_hal_uart.o
    0x080028dc   0x080028dc   0x0000002c   Code   RO         1047    .text.UART_EndRxTransfer  stm32f1xx_hal_uart.o
    0x08002908   0x08002908   0x000000ba   Code   RO         1083    .text.UART_Receive_IT  stm32f1xx_hal_uart.o
    0x080029c2   0x080029c2   0x00000002   PAD
    0x080029c4   0x080029c4   0x00000084   Code   RO         1005    .text.UART_SetConfig  stm32f1xx_hal_uart.o
    0x08002a48   0x08002a48   0x00000058   Code   RO         1019    .text.UART_WaitOnFlagUntilTimeout  stm32f1xx_hal_uart.o
    0x08002aa0   0x08002aa0   0x0000000c   Code   RO          123    .text.USART1_IRQHandler  stm32f1xx_it.o
    0x08002aac   0x08002aac   0x00000002   Code   RO          111    .text.UsageFault_Handler  stm32f1xx_it.o
    0x08002aae   0x08002aae   0x00000002   PAD
    0x08002ab0   0x08002ab0   0x00000028   Code   RO         1290    .text.dmp_enable_6x_lp_quat  inv_mpu_dmp_motion_driver.o
    0x08002ad8   0x08002ad8   0x000001f4   Code   RO         1284    .text.dmp_enable_feature  inv_mpu_dmp_motion_driver.o
    0x08002ccc   0x08002ccc   0x00000044   Code   RO         1286    .text.dmp_enable_gyro_cal  inv_mpu_dmp_motion_driver.o
    0x08002d10   0x08002d10   0x00000028   Code   RO         1288    .text.dmp_enable_lp_quat  inv_mpu_dmp_motion_driver.o
    0x08002d38   0x08002d38   0x00000020   Code   RO         1356    .text.dmp_i2c_read  mpu6050.o
    0x08002d58   0x08002d58   0x00000024   Code   RO         1354    .text.dmp_i2c_write  mpu6050.o
    0x08002d7c   0x08002d7c   0x00000300   Code   RO         1358    .text.dmp_init      mpu6050.o
    0x0800307c   0x0800307c   0x00000014   Code   RO         1248    .text.dmp_load_motion_driver_firmware  inv_mpu_dmp_motion_driver.o
    0x08003090   0x08003090   0x000001e4   Code   RO         1296    .text.dmp_read_fifo  inv_mpu_dmp_motion_driver.o
    0x08003274   0x08003274   0x000000c8   Code   RO         1254    .text.dmp_set_accel_bias  inv_mpu_dmp_motion_driver.o
    0x0800333c   0x0800333c   0x00000054   Code   RO         1256    .text.dmp_set_fifo_rate  inv_mpu_dmp_motion_driver.o
    0x08003390   0x08003390   0x000000d8   Code   RO         1252    .text.dmp_set_gyro_bias  inv_mpu_dmp_motion_driver.o
    0x08003468   0x08003468   0x000000d8   Code   RO         1250    .text.dmp_set_orientation  inv_mpu_dmp_motion_driver.o
    0x08003540   0x08003540   0x00000032   Code   RO         1270    .text.dmp_set_shake_reject_thresh  inv_mpu_dmp_motion_driver.o
    0x08003572   0x08003572   0x00000024   Code   RO         1272    .text.dmp_set_shake_reject_time  inv_mpu_dmp_motion_driver.o
    0x08003596   0x08003596   0x00000024   Code   RO         1274    .text.dmp_set_shake_reject_timeout  inv_mpu_dmp_motion_driver.o
    0x080035ba   0x080035ba   0x00000036   Code   RO         1262    .text.dmp_set_tap_axes  inv_mpu_dmp_motion_driver.o
    0x080035f0   0x080035f0   0x00000028   Code   RO         1264    .text.dmp_set_tap_count  inv_mpu_dmp_motion_driver.o
    0x08003618   0x08003618   0x00000120   Code   RO         1260    .text.dmp_set_tap_thresh  inv_mpu_dmp_motion_driver.o
    0x08003738   0x08003738   0x00000024   Code   RO         1266    .text.dmp_set_tap_time  inv_mpu_dmp_motion_driver.o
    0x0800375c   0x0800375c   0x00000024   Code   RO         1268    .text.dmp_set_tap_time_multi  inv_mpu_dmp_motion_driver.o
    0x08003780   0x08003780   0x0000000c   Code   RO         1350    .text.f1_get_tick_ms_cnt  mpu6050.o
    0x0800378c   0x0800378c   0x00000004   Code   RO         1230    .text.fabsf         inv_mpu.o
    0x08003790   0x08003790   0x0000001c   Code   RO           11    .text.fputc         main.o
    0x080037ac   0x080037ac   0x00000350   Code   RO         1214    .text.get_st_biases  inv_mpu.o
    0x08003afc   0x08003afc   0x0000003c   Code   RO         1362    .text.inv_row_2_scale  mpu6050.o
    0x08003b38   0x08003b38   0x00000030   Code   RO           13    .text.main          main.o
    0x08003b68   0x08003b68   0x0000004c   Code   RO         1160    .text.mpu_configure_fifo  inv_mpu.o
    0x08003bb4   0x08003bb4   0x00000028   Code   RO         1182    .text.mpu_get_accel_fsr  inv_mpu.o
    0x08003bdc   0x08003bdc   0x00000040   Code   RO         1194    .text.mpu_get_accel_sens  inv_mpu.o
    0x08003c1c   0x08003c1c   0x00000038   Code   RO         1192    .text.mpu_get_gyro_sens  inv_mpu.o
    0x08003c54   0x08003c54   0x00000034   Code   RO         1184    .text.mpu_get_lpf   inv_mpu.o
    0x08003c88   0x08003c88   0x00000194   Code   RO         1150    .text.mpu_init      inv_mpu.o
    0x08003e1c   0x08003e1c   0x000000b0   Code   RO         1220    .text.mpu_load_firmware  inv_mpu.o
    0x08003ecc   0x08003ecc   0x000000d8   Code   RO         1166    .text.mpu_lp_accel_mode  inv_mpu.o
    0x08003fa4   0x08003fa4   0x000000a0   Code   RO         1206    .text.mpu_read_fifo_stream  inv_mpu.o
    0x08004044   0x08004044   0x00000060   Code   RO         1218    .text.mpu_read_mem  inv_mpu.o
    0x080040a4   0x080040a4   0x0000015c   Code   RO         1178    .text.mpu_reset_fifo  inv_mpu.o
    0x08004200   0x08004200   0x00000324   Code   RO         1210    .text.mpu_run_self_test  inv_mpu.o
    0x08004524   0x08004524   0x00000078   Code   RO         1154    .text.mpu_set_accel_fsr  inv_mpu.o
    0x0800459c   0x0800459c   0x000000d0   Code   RO         1162    .text.mpu_set_bypass  inv_mpu.o
    0x0800466c   0x0800466c   0x00000080   Code   RO         1212    .text.mpu_set_dmp_state  inv_mpu.o
    0x080046ec   0x080046ec   0x00000074   Code   RO         1152    .text.mpu_set_gyro_fsr  inv_mpu.o
    0x08004760   0x08004760   0x00000058   Code   RO         1168    .text.mpu_set_int_latched  inv_mpu.o
    0x080047b8   0x080047b8   0x00000068   Code   RO         1156    .text.mpu_set_lpf   inv_mpu.o
    0x08004820   0x08004820   0x00000080   Code   RO         1158    .text.mpu_set_sample_rate  inv_mpu.o
    0x080048a0   0x080048a0   0x000000ac   Code   RO         1164    .text.mpu_set_sensors  inv_mpu.o
    0x0800494c   0x0800494c   0x00000064   Code   RO         1216    .text.mpu_write_mem  inv_mpu.o
    0x080049b0   0x080049b0   0x00000004   Code   RO         1348    .text.my_hal_delay  mpu6050.o
    0x080049b4   0x080049b4   0x000001c8   Code   RO         1360    .text.read_dmp      mpu6050.o
    0x08004b7c   0x08004b7c   0x00000048   Code   RO         1198    .text.set_int_enable  inv_mpu.o
    0x08004bc4   0x08004bc4   0x000000b8   Code   RO         1324    .text.w_mpu_init    mpu6050.o
    0x08004c7c   0x08004c7c   0x00000030   Code   RO         1338    .text.w_mpu_read_byte  mpu6050.o
    0x08004cac   0x08004cac   0x00000010   Code   RO         1326    .text.w_mpu_read_device_address  mpu6050.o
    0x08004cbc   0x08004cbc   0x00000014   Code   RO         1332    .text.w_mpu_set_acce_fsr  mpu6050.o
    0x08004cd0   0x08004cd0   0x00000012   Code   RO         1336    .text.w_mpu_set_dlpf  mpu6050.o
    0x08004ce2   0x08004ce2   0x00000014   Code   RO         1330    .text.w_mpu_set_gyro_fsr  mpu6050.o
    0x08004cf6   0x08004cf6   0x00000012   Code   RO         1334    .text.w_mpu_set_sample_rate  mpu6050.o
    0x08004d08   0x08004d08   0x00000030   Code   RO         1328    .text.w_mpu_write_byte  mpu6050.o
    0x08004d38   0x08004d38   0x00000020   Code   RO         1654    i.__0printf         mc_w.l(printfa.o)
    0x08004d58   0x08004d58   0x00000028   Code   RO         1738    i.__ARM_fpclassify  m_ws.l(fpclassify.o)
    0x08004d80   0x08004d80   0x000000aa   Code   RO         1740    i.__kernel_poly     m_ws.l(poly.o)
    0x08004e2a   0x08004e2a   0x00000006   Code   RO         1725    i.__mathlib_dbl_infnan  m_ws.l(dunder.o)
    0x08004e30   0x08004e30   0x00000004   Code   RO         1726    i.__mathlib_dbl_infnan2  m_ws.l(dunder.o)
    0x08004e34   0x08004e34   0x0000000c   Code   RO         1727    i.__mathlib_dbl_invalid  m_ws.l(dunder.o)
    0x08004e40   0x08004e40   0x00000010   Code   RO         1730    i.__mathlib_dbl_underflow  m_ws.l(dunder.o)
    0x08004e50   0x08004e50   0x0000000e   Code   RO         1802    i.__scatterload_copy  mc_w.l(handlers.o)
    0x08004e5e   0x08004e5e   0x00000002   Code   RO         1803    i.__scatterload_null  mc_w.l(handlers.o)
    0x08004e60   0x08004e60   0x0000000e   Code   RO         1804    i.__scatterload_zeroinit  mc_w.l(handlers.o)
    0x08004e6e   0x08004e6e   0x00000002   PAD
    0x08004e70   0x08004e70   0x0000000c   Code   RO         1776    i.__set_errno       mc_w.l(errno.o)
    0x08004e7c   0x08004e7c   0x00000006   Code   RO         1405    i._fabsf            m_ws.l(fabsf.o)
    0x08004e82   0x08004e82   0x00000002   PAD
    0x08004e84   0x08004e84   0x00000184   Code   RO         1661    i._fp_digits        mc_w.l(printfa.o)
    0x08005008   0x08005008   0x000006dc   Code   RO         1662    i._printf_core      mc_w.l(printfa.o)
    0x080056e4   0x080056e4   0x00000024   Code   RO         1663    i._printf_post_padding  mc_w.l(printfa.o)
    0x08005708   0x08005708   0x0000002e   Code   RO         1664    i._printf_pre_padding  mc_w.l(printfa.o)
    0x08005736   0x08005736   0x00000002   PAD
    0x08005738   0x08005738   0x00000270   Code   RO         1387    i.asin              m_ws.l(asin.o)
    0x080059a8   0x080059a8   0x00000220   Code   RO         1715    i.atan              m_ws.l(atan.o)
    0x08005bc8   0x08005bc8   0x00000180   Code   RO         1397    i.atan2             m_ws.l(atan2.o)
    0x08005d48   0x08005d48   0x00000024   Code   RO         1411    i.puts              mc_w.l(puts.o)
    0x08005d6c   0x08005d6c   0x0000004c   Code   RO         1744    i.sqrt              m_ws.l(sqrt.o)
    0x08005db8   0x08005db8   0x00000050   Data   RO         1388    .constdata          m_ws.l(asin.o)
    0x08005e08   0x08005e08   0x00000098   Data   RO         1716    .constdata          m_ws.l(atan.o)
    0x08005ea0   0x08005ea0   0x00000008   Data   RO         1742    .constdata          m_ws.l(qnan.o)
    0x08005ea8   0x08005ea8   0x00000010   Data   RO         1133    .rodata.AHBPrescTable  system_stm32f1xx.o
    0x08005eb8   0x08005eb8   0x00000008   Data   RO         1134    .rodata.APBPrescTable  system_stm32f1xx.o
    0x08005ec0   0x08005ec0   0x00000bf6   Data   RO         1302    .rodata.dmp_memory  inv_mpu_dmp_motion_driver.o
    0x08006ab6   0x08006ab6   0x0000000c   Data   RO         1305    .rodata.dmp_set_fifo_rate.regs_end  inv_mpu_dmp_motion_driver.o
    0x08006ac2   0x08006ac2   0x0000000c   Data   RO         1233    .rodata.hw          inv_mpu.o
    0x08006ace   0x08006ace   0x0000001e   Data   RO         1232    .rodata.reg         inv_mpu.o
    0x08006aec   0x08006aec   0x00000035   Data   RO         1366    .rodata.str1.1      mpu6050.o
    0x08006b21   0x08006b21   0x0000000f   PAD
    0x08006b30   0x08006b30   0x0000004c   Data   RO         1236    .rodata.str1.16     inv_mpu.o
    0x08006b7c   0x08006b7c   0x00000004   PAD
    0x08006b80   0x08006b80   0x00000042   Data   RO         1374    .rodata.str1.16     mpu6050.o
    0x08006bc2   0x08006bc2   0x00000002   PAD
    0x08006bc4   0x08006bc4   0x00000028   Data   RO         1234    .rodata.test        inv_mpu.o
    0x08006bec   0x08006bec   0x00000020   Data   RO         1800    Region$$Table       anon$$obj.o


    Execution Region RW_IRAM1 (Exec base: 0x20000000, Load base: 0x08006c10, Size: 0x00000578, Max: 0x00005000, ABSOLUTE)

    Exec Addr    Load Addr    Size         Type   Attr      Idx    E Section Name        Object

    0x20000000   0x08006c10   0x00000004   Data   RW         1765    .data               mc_w.l(stdout.o)
    0x20000004   0x08006c14   0x00000004   Data   RW         1777    .data               mc_w.l(errno.o)
    0x20000008   0x08006c18   0x0000000c   Data   RW          350    .data..L_MergedGlobals  stm32f1xx_hal.o
    0x20000014   0x08006c24   0x0000000c   PAD
    0x20000020   0x08006c30   0x00000018   Data   RW         1375    .data..L_MergedGlobals  mpu6050.o
    0x20000038   0x08006c48   0x00000004   Data   RW         1132    .data.SystemCoreClock  system_stm32f1xx.o
    0x2000003c   0x08006c4c   0x0000002c   Data   RW         1235    .data.st            inv_mpu.o
    0x20000068        -       0x00000008   Zero   RW         1312    .bss..L_MergedGlobals  inv_mpu_dmp_motion_driver.o
    0x20000070        -       0x00000002   Zero   RW           23    .bss.HAL_TIM_PeriodElapsedCallback.tim2_count  main.o
    0x20000072   0x08006c78   0x00000002   PAD
    0x20000074        -       0x00000002   Zero   RW         1308    .bss.dmp.2          inv_mpu_dmp_motion_driver.o
    0x20000076   0x08006c78   0x00000002   PAD
    0x20000078        -       0x00000002   Zero   RW         1309    .bss.dmp.3          inv_mpu_dmp_motion_driver.o
    0x2000007a   0x08006c78   0x00000002   PAD
    0x2000007c        -       0x00000002   Zero   RW         1310    .bss.dmp.4          inv_mpu_dmp_motion_driver.o
    0x2000007e        -       0x00000001   Zero   RW         1311    .bss.dmp.5          inv_mpu_dmp_motion_driver.o
    0x2000007f   0x08006c78   0x00000001   PAD
    0x20000080        -       0x00000054   Zero   RW           55    .bss.hi2c1          i2c.o
    0x200000d4        -       0x00000048   Zero   RW           73    .bss.htim2          tim.o
    0x2000011c        -       0x00000044   Zero   RW           91    .bss.huart1         usart.o
    0x20000160        -       0x00000010   Zero   RW         1365    .bss.mpu_raw_msg    mpu6050.o
    0x20000170        -       0x00000001   Zero   RW         1364    .bss.w_mpu_init.device_id  mpu6050.o
    0x20000171        -       0x00000001   Zero   RW         1368    .bss.w_mpu_read_byte.r_data_byte  mpu6050.o
    0x20000172   0x08006c78   0x00000006   PAD
    0x20000178        -       0x00000400   Zero   RW            1    STACK               startup_stm32f103xb.o


==============================================================================

Image component sizes


      Code (inc. data)   RO Data    RW Data    ZI Data      Debug   Object Name

       128          8          0          0          0       1776   gpio.o
       152         16          0          0         84       4810   i2c.o
      4580        214        158         44          0      19651   inv_mpu.o
      2444        120       3074          0         15       9846   inv_mpu_dmp_motion_driver.o
       334         36          0          0          2       6011   main.o
      1740        260        119         24         18       9854   mpu6050.o
        36          8        236          0       1024        788   startup_stm32f103xb.o
       160         12          0         12          0       6492   stm32f1xx_hal.o
       188         24          0          0          0       8410   stm32f1xx_hal_cortex.o
       218         24          0          0          0       6604   stm32f1xx_hal_dma.o
       462         60          0          0          0       4779   stm32f1xx_hal_gpio.o
      2330         36          0          0          0      38437   stm32f1xx_hal_i2c.o
        64          8          0          0          0       1357   stm32f1xx_hal_msp.o
      1340         72          0          0          0       7587   stm32f1xx_hal_rcc.o
      1010         24          0          0          0      45697   stm32f1xx_hal_tim.o
       100          0          0          0          0      19606   stm32f1xx_hal_tim_ex.o
      1314          8          0          0          0      19954   stm32f1xx_hal_uart.o
        44          8          0          0          0       1432   stm32f1xx_it.o
         2          0         24          4          0       1719   system_stm32f1xx.o
       152          4          0          0         72       6095   tim.o
       184          8          0          0         68       5695   usart.o

    ----------------------------------------------------------------------
     16994        950       3664         96       1296     226600   Object Totals
         0          0         32          0          0          0   (incl. Generated)
        12          0         21         12         13          0   (incl. Padding)

    ----------------------------------------------------------------------

      Code (inc. data)   RO Data    RW Data    ZI Data      Debug   Library Member Name

       624         52         80          0          0        168   asin.o
       544         70        152          0          0        124   atan.o
       384         38          0          0          0        144   atan2.o
        38          6          0          0          0        272   dunder.o
         6          0          0          0          0         68   fabsf.o
        40          0          0          0          0         68   fpclassify.o
       170          0          0          0          0         96   poly.o
         0          0          8          0          0          0   qnan.o
        76          0          0          0          0         84   sqrt.o
         0          0          0          0          0          0   entry.o
         0          0          0          0          0          0   entry10a.o
         0          0          0          0          0          0   entry11a.o
         8          4          0          0          0          0   entry2.o
         4          0          0          0          0          0   entry5.o
         0          0          0          0          0          0   entry7b.o
         0          0          0          0          0          0   entry8b.o
         8          4          0          0          0          0   entry9a.o
        12          6          0          4          0         68   errno.o
        30          0          0          0          0          0   handlers.o
        36          8          0          0          0         68   init.o
         0          0          0          0          0          0   iusefp.o
        98          0          0          0          0         84   ldiv.o
        30          0          0          0          0         68   llshl.o
        36          0          0          0          0         68   llsshr.o
        32          0          0          0          0         68   llushr.o
        26          0          0          0          0         80   memcmp.o
        36          0          0          0          0        108   memseta.o
      2258         90          0          0          0        452   printfa.o
        36          6          0          0          0         80   puts.o
         0          0          0          4          0          0   stdout.o
        44          0          0          0          0         80   uidiv.o
        98          0          0          0          0         92   uldiv.o
        48          0          0          0          0         68   cdrcmple.o
        56          0          0          0          0         88   d2f.o
       334          0          0          0          0        148   dadd.o
       222          0          0          0          0        100   ddiv.o
       186          0          0          0          0        176   depilogue.o
        48          0          0          0          0         68   dfixul.o
       228          0          0          0          0         96   dmul.o
        46          0          0          0          0         80   dscalb.o
       162          0          0          0          0        100   dsqrt.o
        38          0          0          0          0         68   f2d.o
       176          0          0          0          0        140   fadd.o
        28          0          0          0          0         68   fcmpeq.o
        28          0          0          0          0         68   fcmple.o
        28          0          0          0          0         68   fcmplt.o
       124          0          0          0          0         88   fdiv.o
       110          0          0          0          0        168   fepilogue.o
        50          0          0          0          0         68   ffixi.o
        40          0          0          0          0         68   ffixui.o
        18          0          0          0          0         68   fflti.o
        10          0          0          0          0         68   ffltui.o
       100          0          0          0          0         76   fmul.o

    ----------------------------------------------------------------------
      6762        284        240          8          0       4280   Library Totals
         8          0          0          0          0          0   (incl. Padding)

    ----------------------------------------------------------------------

      Code (inc. data)   RO Data    RW Data    ZI Data      Debug   Library Name

      1882        166        240          0          0       1024   m_ws.l
      2792        118          0          8          0       1316   mc_w.l
      2080          0          0          0          0       1940   mf_w.l

    ----------------------------------------------------------------------
      6762        284        240          8          0       4280   Library Totals

    ----------------------------------------------------------------------

==============================================================================


      Code (inc. data)   RO Data    RW Data    ZI Data      Debug   

     23756       1234       3904        104       1296     228388   Grand Totals
     23756       1234       3904        104       1296     228388   ELF Image Totals
     23756       1234       3904        104          0          0   ROM Totals

==============================================================================

    Total RO  Size (Code + RO Data)                27660 (  27.01kB)
    Total RW  Size (RW Data + ZI Data)              1400 (   1.37kB)
    Total ROM Size (Code + RO Data + RW Data)      27764 (  27.11kB)

==============================================================================

